 AL_AE

 Timestamp is 66c2d5e3 (Mon Aug 19 13:19:31 2024)

 Preferred load address is 0000000140000000

 Start         Length     Name                   Class
 0001:00000000 00000260H .text$di                CODE
 0001:00000260 000381c0H .text$mn                CODE
 0001:00038420 00000040H .text$mn$00             CODE
 0001:00038460 00001dd0H .text$x                 CODE
 0001:0003a230 000001a5H .text$yd                CODE
 0002:00000000 000006a8H .idata$5                DATA
 0002:000006a8 00000038H .00cfg                  DATA
 0002:000006e0 00000008H .CRT$XCA                DATA
 0002:000006e8 00000008H .CRT$XCAA               DATA
 0002:000006f0 00000008H .CRT$XCL                DATA
 0002:000006f8 00000038H .CRT$XCU                DATA
 0002:00000730 00000008H .CRT$XCZ                DATA
 0002:00000738 00000008H .CRT$XIA                DATA
 0002:00000740 00000008H .CRT$XIAA               DATA
 0002:00000748 00000008H .CRT$XIAC               DATA
 0002:00000750 00000008H .CRT$XIZ                DATA
 0002:00000758 00000008H .CRT$XLA                DATA
 0002:00000760 00000008H .CRT$XLZ                DATA
 0002:00000768 00000008H .CRT$XPA                DATA
 0002:00000770 00000008H .CRT$XPZ                DATA
 0002:00000778 00000008H .CRT$XTA                DATA
 0002:00000780 00000010H .CRT$XTZ                DATA
 0002:00000788 00000000H .gehcont$y              DATA
 0002:00000788 00000000H .gfids$y                DATA
 0002:00000790 00008270H .rdata                  DATA
 0002:00008a00 00000080H .rdata$CastGuardVftablesA DATA
 0002:00008a80 00000080H .rdata$CastGuardVftablesC DATA
 0002:00008b00 00000030H .rdata$T                DATA
 0002:00008b30 0000184cH .rdata$r                DATA
 0002:0000a37c 00000838H .rdata$voltmd           DATA
 0002:0000abb4 0000048cH .rdata$zzzdbg           DATA
 0002:0000b040 00000008H .rtc$IAA                DATA
 0002:0000b048 00000028H .rtc$IMZ                DATA
 0002:0000b070 00000008H .rtc$IZZ                DATA
 0002:0000b078 00000008H .rtc$TAA                DATA
 0002:0000b080 00000028H .rtc$TMZ                DATA
 0002:0000b0a8 00000008H .rtc$TZZ                DATA
 0002:0000b0b0 00000004H .tls                    DATA
 0002:0000b0b4 00000004H .tls$                   DATA
 0002:0000b0b8 00000008H .tls$ZZZ                DATA
 0002:0000b0c0 000067d8H .xdata                  DATA
 0002:00011898 00000338H .xdata$x                DATA
 0002:00011bd0 0000004cH .edata                  DATA
 0002:00011c1c 00000064H .idata$2                DATA
 0002:00011c80 00000018H .idata$3                DATA
 0002:00011c98 000006a8H .idata$4                DATA
 0002:00012340 00001ad2H .idata$6                DATA
 0003:00000000 00000980H .data                   DATA
 0003:00000980 00000650H .data$r                 DATA
 0003:00000fd0 000010c0H .data$rs                DATA
 0003:00002090 007bc20cH .bss                    DATA
 0004:00000000 000043a4H .pdata                  DATA
 0005:00000000 000004f2H .msvcjmc                DATA
 0006:00000000 000000a0H .rsrc$01                DATA
 0006:000000a0 00000440H .rsrc$02                DATA

  Address         Publics by Value              Rva+Base               Lib:Object

 0000:00000000       __AbsoluteZero             0000000000000000     <absolute>
 0000:00000000       ___safe_se_handler_count   0000000000000000     <absolute>
 0000:00000000       ___safe_se_handler_table   0000000000000000     <absolute>
 0000:00000000       __arm64x_extra_rfe_table   0000000000000000     <absolute>
 0000:00000000       __arm64x_extra_rfe_table_size 0000000000000000     <absolute>
 0000:00000000       __arm64x_native_entrypoint 0000000000000000     <absolute>
 0000:00000000       __arm64x_redirection_metadata 0000000000000000     <absolute>
 0000:00000000       __arm64x_redirection_metadata_count 0000000000000000     <absolute>
 0000:00000000       __dynamic_value_reloc_table 0000000000000000     <absolute>
 0000:00000000       __enclave_config           0000000000000000     <absolute>
 0000:00000000       __guard_check_icall_a64n_fptr 0000000000000000     <absolute>
 0000:00000000       __guard_eh_cont_count      0000000000000000     <absolute>
 0000:00000000       __guard_eh_cont_table      0000000000000000     <absolute>
 0000:00000000       __guard_fids_count         0000000000000000     <absolute>
 0000:00000000       __guard_fids_table         0000000000000000     <absolute>
 0000:00000000       __guard_iat_count          0000000000000000     <absolute>
 0000:00000000       __guard_iat_table          0000000000000000     <absolute>
 0000:00000000       __guard_longjmp_count      0000000000000000     <absolute>
 0000:00000000       __guard_longjmp_table      0000000000000000     <absolute>
 0000:00000000       __hybrid_auxiliary_delayload_iat 0000000000000000     <absolute>
 0000:00000000       __hybrid_auxiliary_delayload_iat_copy 0000000000000000     <absolute>
 0000:00000000       __hybrid_auxiliary_iat     0000000000000000     <absolute>
 0000:00000000       __hybrid_auxiliary_iat_copy 0000000000000000     <absolute>
 0000:00000000       __hybrid_code_map          0000000000000000     <absolute>
 0000:00000000       __hybrid_code_map_count    0000000000000000     <absolute>
 0000:00000000       __hybrid_image_info_bitfield 0000000000000000     <absolute>
 0000:00000000       __x64_code_ranges_to_entry_points 0000000000000000     <absolute>
 0000:00000000       __x64_code_ranges_to_entry_points_count 0000000000000000     <absolute>
 0000:00000100       __guard_flags              0000000000000100     <absolute>
 0000:00000000       __ImageBase                0000000140000000     <linker-defined>
 0001:00000260       ??$?0$$V@?$_Compressed_pair@V?$allocator@D@std@@V?$_String_val@U?$_Simple_types@D@std@@@2@$00@std@@QEAA@U_Zero_then_variadic_args_t@1@@Z 0000000140001260 f i alAELibCore.obj
 0001:000002b0       ??$?0$$V@?$_Compressed_pair@V?$allocator@Uae_sensorExpoList@@@std@@V?$_Deque_val@U?$_Deque_simple_types@Uae_sensorExpoList@@@std@@@2@$00@std@@QEAA@U_Zero_then_variadic_args_t@1@@Z 00000001400012b0 f i alAELibCore.obj
 0001:00000300       ??$?0D@?$allocator@U_Container_proxy@std@@@std@@QEAA@AEBV?$allocator@D@1@@Z 0000000140001300 f i alAELibCore.obj
 0001:00000340       ??$?0Uae_sensorExpoList@@@?$allocator@PEAUae_sensorExpoList@@@std@@QEAA@AEBV?$allocator@Uae_sensorExpoList@@@1@@Z 0000000140001340 f i alAELibCore.obj
 0001:00000380       ??$?0Uae_sensorExpoList@@@?$allocator@U_Container_proxy@std@@@std@@QEAA@AEBV?$allocator@Uae_sensorExpoList@@@1@@Z 0000000140001380 f i alAELibCore.obj
 0001:000003c0       ??$?0V?$allocator@D@std@@$$V@?$_Compressed_pair@V?$allocator@D@std@@V?$_String_val@U?$_Simple_types@D@std@@@2@$00@std@@QEAA@U_One_then_variadic_args_t@1@$$QEAV?$allocator@D@1@@Z 00000001400013c0 f i alAELibCore.obj
 0001:00000410       ??$_Adl_verify_range@PEAPEAUae_sensorExpoList@@PEAPEAU1@@std@@YAXAEBQEAPEAUae_sensorExpoList@@0@Z 0000000140001410 f i alAELibCore.obj
 0001:00000460       ??$_Alloc_proxy@V?$allocator@U_Container_proxy@std@@@std@@@_Container_base12@std@@QEAAX$$QEAV?$allocator@U_Container_proxy@std@@@1@@Z 0000000140001460 f i alAELibCore.obj
 0001:000004f0       ??$_Allocate@$0BA@U_Default_allocate_traits@std@@$0A@@std@@YAPEAX_K@Z 00000001400014f0 f i alAELibCore.obj
 0001:00000550       ??$_Allocate_at_least_helper@V?$allocator@D@std@@@std@@YAPEADAEAV?$allocator@D@0@AEA_K@Z 0000000140001550 f i alAELibCore.obj
 0001:000005a0       ??$_Allocate_at_least_helper@V?$allocator@PEAUae_sensorExpoList@@@std@@@std@@YAPEAPEAUae_sensorExpoList@@AEAV?$allocator@PEAUae_sensorExpoList@@@0@AEA_K@Z 00000001400015a0 f i alAELibCore.obj
 0001:000005f0       ??$_Allocate_for_capacity@$0A@@?$basic_string@DU?$char_traits@D@std@@V?$allocator@D@2@@std@@CAPEADAEAV?$allocator@D@1@AEA_K@Z 00000001400015f0 f i alAELibCore.obj
 0001:00000670       ??$_Allocate_manually_vector_aligned@U_Default_allocate_traits@std@@@std@@YAPEAX_K@Z 0000000140001670 f i alAELibCore.obj
 0001:00000790       ??$_Construct@$00PEBD@?$basic_string@DU?$char_traits@D@std@@V?$allocator@D@2@@std@@AEAAXQEBD_K@Z 0000000140001790 f i alAELibCore.obj
 0001:000009d0       ??$_Construct_in_place@PEADAEAPEAD@std@@YAXAEAPEAD0@Z 00000001400019d0 f i alAELibCore.obj
 0001:00000a40       ??$_Construct_in_place@PEADAEBQEAD@std@@YAXAEAPEADAEBQEAD@Z 0000000140001a40 f i alAELibCore.obj
 0001:00000ab0       ??$_Construct_in_place@PEAUae_sensorExpoList@@AEAPEAU1@@std@@YAXAEAPEAUae_sensorExpoList@@0@Z 0000000140001ab0 f i alAELibCore.obj
 0001:00000b20       ??$_Construct_in_place@U_Container_proxy@std@@PEAU_Container_base12@2@@std@@YAXAEAU_Container_proxy@0@$$QEAPEAU_Container_base12@0@@Z 0000000140001b20 f i alAELibCore.obj
 0001:00000b90       ??$_Convert_size@_K_K@std@@YA_K_K@Z 0000000140001b90 f i alAELibCore.obj
 0001:00000bc0       ??$_Copy_memmove@PEAPEAUae_sensorExpoList@@PEAPEAU1@@std@@YAPEAPEAUae_sensorExpoList@@PEAPEAU1@00@Z 0000000140001bc0 f i alAELibCore.obj
 0001:00000c90       ??$_Deallocate@$0BA@$0A@@std@@YAXPEAX_K@Z 0000000140001c90 f i alAELibCore.obj
 0001:00000d00       ??$_Deallocate_plain@V?$allocator@U_Container_proxy@std@@@std@@@std@@YAXAEAV?$allocator@U_Container_proxy@std@@@0@QEAU_Container_proxy@0@@Z 0000000140001d00 f i alAELibCore.obj
 0001:00000d50       ??$_Delete_plain_internal@V?$allocator@U_Container_proxy@std@@@std@@@std@@YAXAEAV?$allocator@U_Container_proxy@std@@@0@QEAU_Container_proxy@0@@Z 0000000140001d50 f i alAELibCore.obj
 0001:00000da0       ??$_Destroy_in_place@PEAD@std@@YAXAEAPEAD@Z 0000000140001da0 f i alAELibCore.obj
 0001:00000dd0       ??$_Destroy_in_place@PEAUae_sensorExpoList@@@std@@YAXAEAPEAUae_sensorExpoList@@@Z 0000000140001dd0 f i alAELibCore.obj
 0001:00000e00       ??$_Destroy_range@PEAPEAUae_sensorExpoList@@PEAPEAU1@@std@@YAXPEAPEAUae_sensorExpoList@@QEAPEAU1@@Z 0000000140001e00 f i alAELibCore.obj
 0001:00000e30       ??$_Emplace_back@AEAPEAUae_sensorExpoList@@@?$_Uninitialized_backout@PEAPEAUae_sensorExpoList@@@std@@QEAAXAEAPEAUae_sensorExpoList@@@Z 0000000140001e30 f i alAELibCore.obj
 0001:00000e90       ??$_Emplace_back_internal@AEBUae_sensorExpoList@@@?$deque@Uae_sensorExpoList@@V?$allocator@Uae_sensorExpoList@@@std@@@std@@AEAAXAEBUae_sensorExpoList@@@Z 0000000140001e90 f i alAELibCore.obj
 0001:00001090       ??$_Get_size_of_n@$00@std@@YA_K_K@Z 0000000140002090 f i alAELibCore.obj
 0001:000010d0       ??$_Get_size_of_n@$07@std@@YA_K_K@Z 00000001400020d0 f i alAELibCore.obj
 0001:00001130       ??$_Get_size_of_n@$0BA@@std@@YA_K_K@Z 0000000140002130 f i alAELibCore.obj
 0001:00001190       ??$_Get_size_of_n@$0BI@@std@@YA_K_K@Z 0000000140002190 f i alAELibCore.obj
 0001:000011f0       ??$_Get_unwrapped@AEBQEAPEAUae_sensorExpoList@@@std@@YA?A_TAEBQEAPEAUae_sensorExpoList@@@Z 00000001400021f0 f i alAELibCore.obj
 0001:00001230       ??$_Get_unwrapped_n@AEAPEAPEAUae_sensorExpoList@@_J@std@@YA?A_TAEAPEAPEAUae_sensorExpoList@@_J@Z 0000000140002230 f i alAELibCore.obj
 0001:00001270       ??$_Idl_distance@PEAPEAUae_sensorExpoList@@PEAPEAU1@@std@@YA?A_PAEBQEAPEAUae_sensorExpoList@@0@Z 0000000140002270 f i alAELibCore.obj
 0001:000012c0       ??$_Seek_wrapped@PEAPEAUae_sensorExpoList@@PEAPEAU1@@std@@YAXAEAPEAPEAUae_sensorExpoList@@$$QEAPEAPEAU1@@Z 00000001400022c0 f i alAELibCore.obj
 0001:00001310       ??$_To_address@PEAPEAUae_sensorExpoList@@@std@@YA?A_PAEBQEAPEAUae_sensorExpoList@@@Z 0000000140002310 f i alAELibCore.obj
 0001:00001350       ??$_Unfancy@D@std@@YAPEADPEAD@Z 0000000140002350 f i alAELibCore.obj
 0001:00001380       ??$_Unfancy@U_Container_proxy@std@@@std@@YAPEAU_Container_proxy@0@PEAU10@@Z 0000000140002380 f i alAELibCore.obj
 0001:000013b0       ??$_Unfancy@Uae_sensorExpoList@@@std@@YAPEAUae_sensorExpoList@@PEAU1@@Z 00000001400023b0 f i alAELibCore.obj
 0001:000013e0       ??$_Uninitialized_copy_unchecked@PEAPEAUae_sensorExpoList@@PEAPEAU1@@std@@YAPEAPEAUae_sensorExpoList@@PEAPEAU1@QEAPEAU1@0@Z 00000001400023e0 f i alAELibCore.obj
 0001:000014f0       ??$_Uninitialized_value_construct_n_unchecked1@PEAPEAUae_sensorExpoList@@_K@std@@YAPEAPEAUae_sensorExpoList@@PEAPEAU1@_K@Z 00000001400024f0 f i alAELibCore.obj
 0001:00001540       ??$_Verify_range@PEAUae_sensorExpoList@@@std@@YAXQEBQEAUae_sensorExpoList@@0@Z 0000000140002540 f i alAELibCore.obj
 0001:00001600       ??$_Zero_range@PEAPEAUae_sensorExpoList@@@std@@YAPEAPEAUae_sensorExpoList@@QEAPEAU1@0@Z 0000000140002600 f i alAELibCore.obj
 0001:00001680       ??$addressof@PEAD@std@@YAPEAPEADAEAPEAD@Z 0000000140002680 f i alAELibCore.obj
 0001:000016b0       ??$addressof@PEAUae_sensorExpoList@@@std@@YAPEAPEAUae_sensorExpoList@@AEAPEAU1@@Z 00000001400026b0 f i alAELibCore.obj
 0001:000016e0       ??$addressof@U_Container_base12@std@@@std@@YAPEAU_Container_base12@0@AEAU10@@Z 00000001400026e0 f i alAELibCore.obj
 0001:00001710       ??$addressof@U_Container_proxy@std@@@std@@YAPEAU_Container_proxy@0@AEAU10@@Z 0000000140002710 f i alAELibCore.obj
 0001:00001740       ??$addressof@V?$_String_val@U?$_Simple_types@D@std@@@std@@@std@@YAPEAV?$_String_val@U?$_Simple_types@D@std@@@0@AEAV10@@Z 0000000140002740 f i alAELibCore.obj
 0001:00001770       ??$construct@Uae_sensorExpoList@@AEBU1@@?$_Default_allocator_traits@V?$allocator@Uae_sensorExpoList@@@std@@@std@@SAXAEAV?$allocator@Uae_sensorExpoList@@@1@QEAUae_sensorExpoList@@AEBU3@@Z 0000000140002770 f i alAELibCore.obj
 0001:000017e0       ??$destroy@Uae_sensorExpoList@@@?$_Default_allocator_traits@V?$allocator@Uae_sensorExpoList@@@std@@@std@@SAXAEAV?$allocator@Uae_sensorExpoList@@@1@QEAUae_sensorExpoList@@@Z 00000001400027e0 f i alAELibCore.obj
 0001:00001810       ??$exchange@PEAU_Container_proxy@std@@$$T@std@@YAPEAU_Container_proxy@0@AEAPEAU10@$$QEA$$T@Z 0000000140002810 f i alAELibCore.obj
 0001:00001870       ??$exchange@PEAU_Iterator_base12@std@@$$T@std@@YAPEAU_Iterator_base12@0@AEAPEAU10@$$QEA$$T@Z 0000000140002870 f i alAELibCore.obj
 0001:000018d0       ??$max@_K@std@@YAAEB_KAEB_K0@Z 00000001400028d0 f i alAELibCore.obj
 0001:00001950       ??$min@_K@std@@YAAEB_KAEB_K0@Z 0000000140002950 f i alAELibCore.obj
 0001:000019d0       ??$pow@HM$0A@@@YANHM@Z     00000001400029d0 f i alAELibCore.obj
 0001:00001a30       ??$pow@NH$0A@@@YANNH@Z     0000000140002a30 f i alAELibCore.obj
 0001:00001a80       ??$sqrt@H$0A@@@YANH@Z      0000000140002a80 f i alAELibCore.obj
 0001:00001ac0       ??$uninitialized_copy@PEAPEAUae_sensorExpoList@@PEAPEAU1@@std@@YAPEAPEAUae_sensorExpoList@@QEAPEAU1@0PEAPEAU1@@Z 0000000140002ac0 f i alAELibCore.obj
 0001:00001bd0       ??0?$_Container_proxy_ptr12@V?$allocator@U_Container_proxy@std@@@std@@@std@@QEAA@AEAV?$allocator@U_Container_proxy@std@@@1@AEAU_Container_base12@1@@Z 0000000140002bd0 f i alAELibCore.obj
 0001:00001c90       ??0?$_Deque_val@U?$_Deque_simple_types@Uae_sensorExpoList@@@std@@@std@@QEAA@XZ 0000000140002c90 f i alAELibCore.obj
 0001:00001d10       ??0?$_String_val@U?$_Simple_types@D@std@@@std@@QEAA@XZ 0000000140002d10 f i alAELibCore.obj
 0001:00001d80       ??0?$_Uninitialized_backout@PEAPEAUae_sensorExpoList@@@std@@QEAA@PEAPEAUae_sensorExpoList@@@Z 0000000140002d80 f i alAELibCore.obj
 0001:00001de0       ??0?$allocator@D@std@@QEAA@XZ 0000000140002de0 f i alAELibCore.obj
 0001:00001e10       ??0?$allocator@Uae_sensorExpoList@@@std@@QEAA@XZ 0000000140002e10 f i alAELibCore.obj
 0001:00001e40       ??0?$basic_string@DU?$char_traits@D@std@@V?$allocator@D@2@@std@@QEAA@$$QEAV01@@Z 0000000140002e40 f i alAELibCore.obj
 0001:00001ee0       ??0?$basic_string@DU?$char_traits@D@std@@V?$allocator@D@2@@std@@QEAA@QEBD@Z 0000000140002ee0 f i alAELibCore.obj
 0001:00001f60       ??0?$deque@Uae_sensorExpoList@@V?$allocator@Uae_sensorExpoList@@@std@@@std@@QEAA@XZ 0000000140002f60 f i alAELibCore.obj
 0001:00001ff0       ??0?$queue@Uae_sensorExpoList@@V?$deque@Uae_sensorExpoList@@V?$allocator@Uae_sensorExpoList@@@std@@@std@@@std@@QEAA@XZ 0000000140002ff0 f i alAELibCore.obj
 0001:00002030       ??0_Basic_container_proxy_ptr12@std@@IEAA@XZ 0000000140003030 f i alAELibCore.obj
 0001:00002070       ??0_Bxty@?$_String_val@U?$_Simple_types@D@std@@@std@@QEAA@XZ 0000000140003070 f i alAELibCore.obj
 0001:000020c0       ??0_Container_base12@std@@QEAA@XZ 00000001400030c0 f i alAELibCore.obj
 0001:00002100       ??0_Container_proxy@std@@QEAA@PEAU_Container_base12@1@@Z 0000000140003100 f i alAELibCore.obj
 0001:00002160       ??0bad_alloc@std@@AEAA@QEBD@Z 0000000140003160 f i alAELibCore.obj
 0001:000021c0       ??0bad_alloc@std@@QEAA@AEBV01@@Z 00000001400031c0 f i alAELibCore.obj
 0001:00002210       ??0bad_array_new_length@std@@QEAA@AEBV01@@Z 0000000140003210 f i alAELibCore.obj
 0001:00002260       ??0bad_array_new_length@std@@QEAA@XZ 0000000140003260 f i alAELibCore.obj
 0001:000022c0       ??0exception@std@@QEAA@AEBV01@@Z 00000001400032c0 f i alAELibCore.obj
 0001:00002340       ??0exception@std@@QEAA@QEBDH@Z 0000000140003340 f i alAELibCore.obj
 0001:000023c0       ??1?$_Compressed_pair@V?$allocator@D@std@@V?$_String_val@U?$_Simple_types@D@std@@@2@$00@std@@QEAA@XZ 00000001400033c0 f i alAELibCore.obj
 0001:000023f0       ??1?$_Container_proxy_ptr12@V?$allocator@U_Container_proxy@std@@@std@@@std@@QEAA@XZ 00000001400033f0 f i alAELibCore.obj
 0001:00002440       ??1?$_String_val@U?$_Simple_types@D@std@@@std@@QEAA@XZ 0000000140003440 f i alAELibCore.obj
 0001:00002470       ??1?$_Uninitialized_backout@PEAPEAUae_sensorExpoList@@@std@@QEAA@XZ 0000000140003470 f i alAELibCore.obj
 0001:000024c0       ??1?$basic_string@DU?$char_traits@D@std@@V?$allocator@D@2@@std@@QEAA@XZ 00000001400034c0 f i alAELibCore.obj
 0001:000025a0       ??1?$deque@Uae_sensorExpoList@@V?$allocator@Uae_sensorExpoList@@@std@@@std@@QEAA@XZ 00000001400035a0 f i alAELibCore.obj
 0001:00002670       ??1?$queue@Uae_sensorExpoList@@V?$deque@Uae_sensorExpoList@@V?$allocator@Uae_sensorExpoList@@@std@@@std@@@std@@QEAA@XZ 0000000140003670 f i alAELibCore.obj
 0001:000026a0       ??1_Bxty@?$_String_val@U?$_Simple_types@D@std@@@std@@QEAA@XZ 00000001400036a0 f i alAELibCore.obj
 0001:000026d0       ??1bad_alloc@std@@UEAA@XZ  00000001400036d0 f i alAELibCore.obj
 0001:00002700       ??1bad_array_new_length@std@@UEAA@XZ 0000000140003700 f i alAELibCore.obj
 0001:00002730       ??1exception@std@@UEAA@XZ  0000000140003730 f i alAELibCore.obj
 0001:00002780       ??2@YAPEAX_KPEAX@Z         0000000140003780 f i alAELibCore.obj
 0001:000027c0       ??_Ebad_alloc@std@@UEAAPEAXI@Z 00000001400037c0 f i alAELibCore.obj
 0001:000027c0       ??_Gbad_alloc@std@@UEAAPEAXI@Z 00000001400037c0 f i alAELibCore.obj
 0001:00002820       ??_Ebad_array_new_length@std@@UEAAPEAXI@Z 0000000140003820 f i alAELibCore.obj
 0001:00002820       ??_Gbad_array_new_length@std@@UEAAPEAXI@Z 0000000140003820 f i alAELibCore.obj
 0001:00002880       ??_Eexception@std@@UEAAPEAXI@Z 0000000140003880 f i alAELibCore.obj
 0001:00002880       ??_Gexception@std@@UEAAPEAXI@Z 0000000140003880 f i alAELibCore.obj
 0001:000028e0       ?LoadDefaultAESetting@@YAIPEAX@Z 00000001400038e0 f   alAELibCore.obj
 0001:00005b80       ?ParsingLibScenarioStatus@@YAIPEAUae_set_param_data_t@@PEAUae_corelib_libstatus_t@@PEAX@Z 0000000140006b80 f   alAELibCore.obj
 0001:00005c70       ?TranslateISOLevel@@YAIW4ae_iso_mode_t@@PEAI@Z 0000000140006c70 f   alAELibCore.obj
 0001:00005db0       ?UnicodeToAnsi_strCore@@YA?AV?$basic_string@DU?$char_traits@D@std@@V?$allocator@D@2@@std@@PEB_W@Z 0000000140006db0 f   alAELibCore.obj
 0001:00005f80       ?_Activate_SSO_buffer@?$_String_val@U?$_Simple_types@D@std@@@std@@QEAAXXZ 0000000140006f80 f i alAELibCore.obj
 0001:00005fb0       ?_Address_subscript@?$_Deque_val@U?$_Deque_simple_types@Uae_sensorExpoList@@@std@@@std@@QEAAPEAUae_sensorExpoList@@_K@Z 0000000140006fb0 f i alAELibCore.obj
 0001:00006020       ?_Adjust_manually_vector_aligned@std@@YAXAEAPEAXAEA_K@Z 0000000140007020 f i alAELibCore.obj
 0001:000061f0       ?_Allocate@_Default_allocate_traits@std@@SAPEAX_K@Z 00000001400071f0 f i alAELibCore.obj
 0001:00006230       ?_Calculate_growth@?$basic_string@DU?$char_traits@D@std@@V?$allocator@D@2@@std@@CA_K_K00@Z 0000000140007230 f i alAELibCore.obj
 0001:00006340       ?_Deallocate_for_capacity@?$basic_string@DU?$char_traits@D@std@@V?$allocator@D@2@@std@@CAXAEAV?$allocator@D@2@QEAD_K@Z 0000000140007340 f i alAELibCore.obj
 0001:000063a0       ?_Get_data@?$deque@Uae_sensorExpoList@@V?$allocator@Uae_sensorExpoList@@@std@@@std@@AEAAAEAV?$_Deque_val@U?$_Deque_simple_types@Uae_sensorExpoList@@@std@@@2@XZ 00000001400073a0 f i alAELibCore.obj
 0001:000063d0       ?_Get_data@?$deque@Uae_sensorExpoList@@V?$allocator@Uae_sensorExpoList@@@std@@@std@@AEBAAEBV?$_Deque_val@U?$_Deque_simple_types@Uae_sensorExpoList@@@std@@@2@XZ 00000001400073d0 f i alAELibCore.obj
 0001:00006400       ?_Get_first@?$_Compressed_pair@V?$allocator@D@std@@V?$_String_val@U?$_Simple_types@D@std@@@2@$00@std@@QEAAAEAV?$allocator@D@2@XZ 0000000140007400 f i alAELibCore.obj
 0001:00006430       ?_Get_first@?$_Compressed_pair@V?$allocator@D@std@@V?$_String_val@U?$_Simple_types@D@std@@@2@$00@std@@QEBAAEBV?$allocator@D@2@XZ 0000000140007430 f i alAELibCore.obj
 0001:00006460       ?_Get_first@?$_Compressed_pair@V?$allocator@Uae_sensorExpoList@@@std@@V?$_Deque_val@U?$_Deque_simple_types@Uae_sensorExpoList@@@std@@@2@$00@std@@QEAAAEAV?$allocator@Uae_sensorExpoList@@@2@XZ 0000000140007460 f i alAELibCore.obj
 0001:00006490       ?_Get_first@?$_Compressed_pair@V?$allocator@Uae_sensorExpoList@@@std@@V?$_Deque_val@U?$_Deque_simple_types@Uae_sensorExpoList@@@std@@@2@$00@std@@QEBAAEBV?$allocator@Uae_sensorExpoList@@@2@XZ 0000000140007490 f i alAELibCore.obj
 0001:000064c0       ?_Getal@?$basic_string@DU?$char_traits@D@std@@V?$allocator@D@2@@std@@AEAAAEAV?$allocator@D@2@XZ 00000001400074c0 f i alAELibCore.obj
 0001:00006500       ?_Getal@?$basic_string@DU?$char_traits@D@std@@V?$allocator@D@2@@std@@AEBAAEBV?$allocator@D@2@XZ 0000000140007500 f i alAELibCore.obj
 0001:00006540       ?_Getal@?$deque@Uae_sensorExpoList@@V?$allocator@Uae_sensorExpoList@@@std@@@std@@AEAAAEAV?$allocator@Uae_sensorExpoList@@@2@XZ 0000000140007540 f i alAELibCore.obj
 0001:00006580       ?_Getal@?$deque@Uae_sensorExpoList@@V?$allocator@Uae_sensorExpoList@@@std@@@std@@AEBAAEBV?$allocator@Uae_sensorExpoList@@@2@XZ 0000000140007580 f i alAELibCore.obj
 0001:000065c0       ?_Getblock@?$_Deque_val@U?$_Deque_simple_types@Uae_sensorExpoList@@@std@@@std@@QEBA_J_K@Z 00000001400075c0 f i alAELibCore.obj
 0001:00006610       ?_Getblock@?$deque@Uae_sensorExpoList@@V?$allocator@Uae_sensorExpoList@@@std@@@std@@AEBA_J_K@Z 0000000140007610 f i alAELibCore.obj
 0001:00006660       ?_Growmap@?$deque@Uae_sensorExpoList@@V?$allocator@Uae_sensorExpoList@@@std@@@std@@AEAAX_K@Z 0000000140007660 f i alAELibCore.obj
 0001:00006b40       ?_Large_mode_engaged@?$_String_val@U?$_Simple_types@D@std@@@std@@QEBA_NXZ 0000000140007b40 f i alAELibCore.obj
 0001:00006ba0       ?_Map@?$deque@Uae_sensorExpoList@@V?$allocator@Uae_sensorExpoList@@@std@@@std@@AEAAAEAPEAPEAUae_sensorExpoList@@XZ 0000000140007ba0 f i alAELibCore.obj
 0001:00006be0       ?_Map_distance@?$deque@Uae_sensorExpoList@@V?$allocator@Uae_sensorExpoList@@@std@@@std@@AEBA_JXZ 0000000140007be0 f i alAELibCore.obj
 0001:00006c20       ?_Mapsize@?$deque@Uae_sensorExpoList@@V?$allocator@Uae_sensorExpoList@@@std@@@std@@AEAAAEA_KXZ 0000000140007c20 f i alAELibCore.obj
 0001:00006c60       ?_Myoff@?$deque@Uae_sensorExpoList@@V?$allocator@Uae_sensorExpoList@@@std@@@std@@AEAAAEA_KXZ 0000000140007c60 f i alAELibCore.obj
 0001:00006ca0       ?_Myoff@?$deque@Uae_sensorExpoList@@V?$allocator@Uae_sensorExpoList@@@std@@@std@@AEBAAEB_KXZ 0000000140007ca0 f i alAELibCore.obj
 0001:00006ce0       ?_Mysize@?$deque@Uae_sensorExpoList@@V?$allocator@Uae_sensorExpoList@@@std@@@std@@AEAAAEA_KXZ 0000000140007ce0 f i alAELibCore.obj
 0001:00006d20       ?_Mysize@?$deque@Uae_sensorExpoList@@V?$allocator@Uae_sensorExpoList@@@std@@@std@@AEBAAEB_KXZ 0000000140007d20 f i alAELibCore.obj
 0001:00006d60       ?_Orphan_all@?$deque@Uae_sensorExpoList@@V?$allocator@Uae_sensorExpoList@@@std@@@std@@AEAAXXZ 0000000140007d60 f i alAELibCore.obj
 0001:00006da0       ?_Orphan_all@_Container_base12@std@@QEAAXXZ 0000000140007da0 f i alAELibCore.obj
 0001:00006de0       ?_Orphan_all_locked_v3@_Container_base12@std@@AEAAXXZ 0000000140007de0 f i alAELibCore.obj
 0001:00006e80       ?_Orphan_all_unlocked_v3@_Container_base12@std@@AEAAXXZ 0000000140007e80 f i alAELibCore.obj
 0001:00006f10       ?_Orphan_off@?$deque@Uae_sensorExpoList@@V?$allocator@Uae_sensorExpoList@@@std@@@std@@AEBAX_K@Z 0000000140007f10 f i alAELibCore.obj
 0001:000070b0       ?_Release@?$_Uninitialized_backout@PEAPEAUae_sensorExpoList@@@std@@QEAAPEAPEAUae_sensorExpoList@@XZ 00000001400080b0 f i alAELibCore.obj
 0001:00007100       ?_Release@_Basic_container_proxy_ptr12@std@@QEAAXXZ 0000000140008100 f i alAELibCore.obj
 0001:00007140       ?_Subscript@?$_Deque_val@U?$_Deque_simple_types@Uae_sensorExpoList@@@std@@@std@@QEAAAEAUae_sensorExpoList@@_K@Z 0000000140008140 f i alAELibCore.obj
 0001:000071b0       ?_Subscript@?$deque@Uae_sensorExpoList@@V?$allocator@Uae_sensorExpoList@@@std@@@std@@AEAAAEAUae_sensorExpoList@@_K@Z 00000001400081b0 f i alAELibCore.obj
 0001:00007220       ?_Swap_proxy_and_iterators@?$basic_string@DU?$char_traits@D@std@@V?$allocator@D@2@@std@@AEAAXAEAV12@@Z 0000000140008220 f i alAELibCore.obj
 0001:00007270       ?_Swap_proxy_and_iterators@_Container_base12@std@@QEAAXAEAU12@@Z 0000000140008270 f i alAELibCore.obj
 0001:000072c0       ?_Swap_proxy_and_iterators_locked@_Container_base12@std@@AEAAXAEAU12@@Z 00000001400082c0 f i alAELibCore.obj
 0001:00007370       ?_Swap_proxy_and_iterators_unlocked@_Container_base12@std@@AEAAXAEAU12@@Z 0000000140008370 f i alAELibCore.obj
 0001:00007410       ?_Switch_to_buf@_Bxty@?$_String_val@U?$_Simple_types@D@std@@@std@@QEAAXXZ 0000000140008410 f i alAELibCore.obj
 0001:00007450       ?_Take_contents@?$basic_string@DU?$char_traits@D@std@@V?$allocator@D@2@@std@@AEAAXAEAV12@@Z 0000000140008450 f i alAELibCore.obj
 0001:00007650       ?_Throw_bad_array_new_length@std@@YAXXZ 0000000140008650 f i alAELibCore.obj
 0001:000076a0       ?_Tidy@?$deque@Uae_sensorExpoList@@V?$allocator@Uae_sensorExpoList@@@std@@@std@@AEAAXXZ 00000001400086a0 f i alAELibCore.obj
 0001:00007870       ?_Tidy_deallocate@?$basic_string@DU?$char_traits@D@std@@V?$allocator@D@2@@std@@AEAAXXZ 0000000140008870 f i alAELibCore.obj
 0001:00007940       ?_Xlen@?$deque@Uae_sensorExpoList@@V?$allocator@Uae_sensorExpoList@@@std@@@std@@CAXXZ 0000000140008940 f i alAELibCore.obj
 0001:00007980       ?_Xlen_string@std@@YAXXZ   0000000140008980 f i alAELibCore.obj
 0001:000079c0       ?__empty_global_delete@@YAXPEAX@Z 00000001400089c0 f i alAELibCore.obj
 0001:000079f0       ?__empty_global_delete@@YAXPEAX_K@Z 00000001400089f0 f i alAELibCore.obj
 0001:000079f0       ?__global_delete@@YAXPEAX_K@Z 00000001400089f0 f i alAELibCore.obj
 0001:00007a20       ?alAELib_Core_AEMetering@@YAIPEAX0@Z 0000000140008a20 f   alAELibCore.obj
 0001:00007e30       ?alAELib_generate_metering_table@@YAIPEAUae_corelib_obj_t@@PEAE@Z 0000000140008e30 f   alAELibCore.obj
 0001:00007f20       ?alAE_Simple_AE_Metering@@YAXPEAUae_corelib_obj_t@@PEAUae_output_data_t@@PEAUal3awrapper_stats_ae_t@@@Z 0000000140008f20 f   alAELibCore.obj
 0001:000081a0       ?alAE_deinit@@YAIPEAX@Z    00000001400091a0 f   alAELibCore.obj
 0001:00008200       ?alAE_get_param@@YAIPEAUae_get_param_t@@PEAX@Z 0000000140009200 f   alAELibCore.obj
 0001:00008d10       ?alAE_initial@@YAIPEAPEAX@Z 0000000140009d10 f   alAELibCore.obj
 0001:00008da0       ?alAE_process@@YAIPEAX0Ualhw3a_ae_proc_data_t@@0PEAUae_output_data_t@@@Z 0000000140009da0 f   alAELibCore.obj
 0001:0000a790       ?alAE_set_param@@YAIPEAUae_set_param_t@@PEAUae_output_data_t@@PEAX@Z 000000014000b790 f   alAELibCore.obj
 0001:0000b870       ?allib_ae_bv2lux@@YAIH@Z   000000014000c870 f   alAELibCore.obj
 0001:0000b8b0       ?allib_ae_lux2bv@@YAHI@Z   000000014000c8b0 f   alAELibCore.obj
 0001:0000b8f0       ?allocate@?$allocator@D@std@@QEAAPEAD_K@Z 000000014000c8f0 f i alAELibCore.obj
 0001:0000b940       ?allocate@?$allocator@PEAUae_sensorExpoList@@@std@@QEAAPEAPEAUae_sensorExpoList@@_K@Z 000000014000c940 f i alAELibCore.obj
 0001:0000b990       ?allocate@?$allocator@U_Container_proxy@std@@@std@@QEAAPEAU_Container_proxy@2@_K@Z 000000014000c990 f i alAELibCore.obj
 0001:0000b9e0       ?allocate@?$allocator@Uae_sensorExpoList@@@std@@QEAAPEAUae_sensorExpoList@@_K@Z 000000014000c9e0 f i alAELibCore.obj
 0001:0000ba30       ?assign@?$_Narrow_char_traits@DH@std@@SAXAEADAEBD@Z 000000014000ca30 f i alAELibCore.obj
 0001:0000ba80       ?back@?$deque@Uae_sensorExpoList@@V?$allocator@Uae_sensorExpoList@@@std@@@std@@QEAAAEAUae_sensorExpoList@@XZ 000000014000ca80 f i alAELibCore.obj
 0001:0000bb60       ?back@?$queue@Uae_sensorExpoList@@V?$deque@Uae_sensorExpoList@@V?$allocator@Uae_sensorExpoList@@@std@@@std@@@std@@QEAAAEAUae_sensorExpoList@@XZ 000000014000cb60 f i alAELibCore.obj
 0001:0000bba0       ?copy@?$_Char_traits@DH@std@@SAPEADQEADQEBD_K@Z 000000014000cba0 f i alAELibCore.obj
 0001:0000bc00       ?deallocate@?$_Default_allocator_traits@V?$allocator@U_Container_proxy@std@@@std@@@std@@SAXAEAV?$allocator@U_Container_proxy@std@@@2@QEAU_Container_proxy@2@_K@Z 000000014000cc00 f i alAELibCore.obj
 0001:0000bc50       ?deallocate@?$allocator@D@std@@QEAAXQEAD_K@Z 000000014000cc50 f i alAELibCore.obj
 0001:0000bd30       ?deallocate@?$allocator@PEAUae_sensorExpoList@@@std@@QEAAXQEAPEAUae_sensorExpoList@@_K@Z 000000014000cd30 f i alAELibCore.obj
 0001:0000be10       ?deallocate@?$allocator@Uae_sensorExpoList@@@std@@QEAAXQEAUae_sensorExpoList@@_K@Z 000000014000ce10 f i alAELibCore.obj
 0001:0000bef0       ?empty@?$deque@Uae_sensorExpoList@@V?$allocator@Uae_sensorExpoList@@@std@@@std@@QEBA_NXZ 000000014000cef0 f i alAELibCore.obj
 0001:0000bf50       ?empty@?$queue@Uae_sensorExpoList@@V?$deque@Uae_sensorExpoList@@V?$allocator@Uae_sensorExpoList@@@std@@@std@@@std@@QEBA_NXZ 000000014000cf50 f i alAELibCore.obj
 0001:0000bf90       ?floor@@YAMM@Z             000000014000cf90 f i alAELibCore.obj
 0001:0000bfd0       ?front@?$deque@Uae_sensorExpoList@@V?$allocator@Uae_sensorExpoList@@@std@@@std@@QEAAAEAUae_sensorExpoList@@XZ 000000014000cfd0 f i alAELibCore.obj
 0001:0000c0a0       ?front@?$queue@Uae_sensorExpoList@@V?$deque@Uae_sensorExpoList@@V?$allocator@Uae_sensorExpoList@@@std@@@std@@@std@@QEAAAEAUae_sensorExpoList@@XZ 000000014000d0a0 f i alAELibCore.obj
 0001:0000c0e0       ?gazeAE@@YAIPEAX@Z         000000014000d0e0 f   alAELibCore.obj
 0001:0000c680       ?length@?$_Narrow_char_traits@DH@std@@SA_KQEBD@Z 000000014000d680 f i alAELibCore.obj
 0001:0000c940       ?max@?$numeric_limits@_J@std@@SA_JXZ 000000014000d940 f i alAELibCore.obj
 0001:0000c970       ?max_size@?$_Default_allocator_traits@V?$allocator@D@std@@@std@@SA_KAEBV?$allocator@D@2@@Z 000000014000d970 f i alAELibCore.obj
 0001:0000c9a0       ?max_size@?$_Default_allocator_traits@V?$allocator@Uae_sensorExpoList@@@std@@@std@@SA_KAEBV?$allocator@Uae_sensorExpoList@@@2@@Z 000000014000d9a0 f i alAELibCore.obj
 0001:0000c9e0       ?max_size@?$basic_string@DU?$char_traits@D@std@@V?$allocator@D@2@@std@@QEBA_KXZ 000000014000d9e0 f i alAELibCore.obj
 0001:0000cad0       ?max_size@?$deque@Uae_sensorExpoList@@V?$allocator@Uae_sensorExpoList@@@std@@@std@@QEBA_KXZ 000000014000dad0 f i alAELibCore.obj
 0001:0000cb40       ?pop@?$queue@Uae_sensorExpoList@@V?$deque@Uae_sensorExpoList@@V?$allocator@Uae_sensorExpoList@@@std@@@std@@@std@@QEAAXXZ 000000014000db40 f i alAELibCore.obj
 0001:0000cb80       ?pop_back@?$deque@Uae_sensorExpoList@@V?$allocator@Uae_sensorExpoList@@@std@@@std@@QEAAXXZ 000000014000db80 f i alAELibCore.obj
 0001:0000cd00       ?pop_front@?$deque@Uae_sensorExpoList@@V?$allocator@Uae_sensorExpoList@@@std@@@std@@QEAAXXZ 000000014000dd00 f i alAELibCore.obj
 0001:0000d130       ?push@?$queue@Uae_sensorExpoList@@V?$deque@Uae_sensorExpoList@@V?$allocator@Uae_sensorExpoList@@@std@@@std@@@std@@QEAAXAEBUae_sensorExpoList@@@Z 000000014000e130 f i alAELibCore.obj
 0001:0000d180       ?push_back@?$deque@Uae_sensorExpoList@@V?$allocator@Uae_sensorExpoList@@@std@@@std@@QEAAXAEBUae_sensorExpoList@@@Z 000000014000e180 f i alAELibCore.obj
 0001:0000d260       ?sqrt@@YAMM@Z              000000014000e260 f i alAELibCore.obj
 0001:0000d2a0       ?what@exception@std@@UEBAPEBDXZ 000000014000e2a0 f i alAELibCore.obj
 0001:0000d300       LoadDefaultSetting         000000014000e300 f   alAELibCore.obj
 0001:0000d360       ManageInputParam           000000014000e360 f   alAELibCore.obj
 0001:0000d410       __JustMyCode_Default       000000014000e410 f i alAELibCore.obj
 0001:0000d420       __local_stdio_printf_options 000000014000e420 f i alAELibCore.obj
 0001:0000d450       _vfprintf_l                000000014000e450 f i alAELibCore.obj
 0001:0000d4c0       _vsnprintf_l               000000014000e4c0 f i alAELibCore.obj
 0001:0000d560       _vsprintf_l                000000014000e560 f i alAELibCore.obj
 0001:0000d5d0       al3awrapper_dispatchhw3a_aestats 000000014000e5d0 f   alAELibCore.obj
 0001:0000e270       al3awrapper_dispatchhw3a_yhiststats 000000014000f270 f   alAELibCore.obj
 0001:0000e300       alAELib_Abs                000000014000f300 f   alAELibCore.obj
 0001:0000e360       alAELib_BV2Lux             000000014000f360 f   alAELibCore.obj
 0001:0000e3c0       alAELib_CalculateBv        000000014000f3c0 f   alAELibCore.obj
 0001:0000e460       alAELib_CalculateBv_midtones_comp 000000014000f460 f   alAELibCore.obj
 0001:0000e540       alAELib_CalculateExposureTime 000000014000f540 f   alAELibCore.obj
 0001:0000e5f0       alAELib_CalculateIsoSpeed  000000014000f5f0 f   alAELibCore.obj
 0001:0000e6a0       alAELib_CalculateProgressiveAE 000000014000f6a0 f   alAELibCore.obj
 0001:0000ebd0       alAELib_Core_CheckLimit    000000014000fbd0 f   alAELibCore.obj
 0001:0000ef50       alAELib_Core_calMeteringRatio 000000014000ff50 f   alAELibCore.obj
 0001:0000f030       alAELib_Core_calVariance   0000000140010030 f   alAELibCore.obj
 0001:0000f190       alAELib_Core_estimateSlave 0000000140010190 f   alAELibCore.obj
 0001:0000f7f0       alAELib_Core_mixExposure   00000001400107f0 f   alAELibCore.obj
 0001:0000fb30       alAELib_Core_mixStats      0000000140010b30 f   alAELibCore.obj
 0001:000100d0       alAELib_Core_mixStatsSingle 00000001400110d0 f   alAELibCore.obj
 0001:000109e0       alAELib_GetExposureParameter 00000001400119e0 f   alAELibCore.obj
 0001:000114a0       alAELib_Interpolation      00000001400124a0 f   alAELibCore.obj
 0001:00011600       alAELib_Log2_65536         0000000140012600 f   alAELibCore.obj
 0001:000116d0       alAELib_Lux2BV1000         00000001400126d0 f   alAELibCore.obj
 0001:00011750       alAELib_ModExposureTimeADGainByAntiflikerMode 0000000140012750 f   alAELibCore.obj
 0001:00011ad0       alAELib_Pow2_65536         0000000140012ad0 f   alAELibCore.obj
 0001:00011b80       alAE_estimation            0000000140012b80 f   alAELibCore.obj
 0001:00012060       allib_ae_getlib_runtimebuf_size 0000000140013060 f   alAELibCore.obj
 0001:000120a0       allib_ae_getlib_version    00000001400130a0 f   alAELibCore.obj
 0001:000120f0       allib_ae_loadfunc          00000001400130f0 f   alAELibCore.obj
 0001:00012220       allib_ae_set_debug_log_flag 0000000140013220 f   alAELibCore.obj
 0001:00012340       fprintf                    0000000140013340 f i alAELibCore.obj
 0001:00012440       printf                     0000000140013440 f i alAELibCore.obj
 0001:00012500       sprintf                    0000000140013500 f i alAELibCore.obj
 0001:00012600       updateWeightTable          0000000140013600 f   alAELibCore.obj
 0001:00012ae0       vsprintf                   0000000140013ae0 f i alAELibCore.obj
 0001:00012b40       ?CCSort_f@@YAXPEAIG@Z      0000000140013b40 f   alAELib_iAE.obj
 0001:00012c10       ?Calculate_DTC_GAIN@@YAXPEAUiAE_input@@PEAG11HPEAX@Z 0000000140013c10 f   alAELib_iAE.obj
 0001:00013660       ?cal_cdf_region_mean@@YAIPEAIGII@Z 0000000140014660 f   alAELib_iAE.obj
 0001:00013970       ?calc_histogram@@YAIPEAGPEAIG@Z 0000000140014970 f   alAELib_iAE.obj
 0001:00013ac0       ?hist_mean_monitor@@YAXPEAUae_core_iae_tuning_param_t@@PEAIGPEAUHIST_MEAN_RESULT@@E@Z 0000000140014ac0 f   alAELib_iAE.obj
 0001:00013e60       ?iAE_param_lookup@@YAIPEAUiAE_input@@PEAUae_core_iae_tuning_param_t@@F@Z 0000000140014e60 f   alAELib_iAE.obj
 0001:00014c40       ?iAE_process@@YAXPEAUiAE_input@@PEAG11HPEAX@Z 0000000140015c40 f   alAELib_iAE.obj
 0001:000151f0       ?Interpolation@@YAIMHHPEAY02H@Z 00000001400161f0 f   table.obj
 0001:00015360       ?checkExpoTable@@YAXMHHPEAY03HAEAI1PEAX@Z 0000000140016360 f   table.obj
 0001:000156f0       ?findIndex@@YAHMHPEAY02H@Z 00000001400166f0 f   table.obj
 0001:000157a0       ?findIndex@@YAHMHPEAY03H@Z 00000001400167a0 f   table.obj
 0001:00015850       ?isDynamicScene@@YAXPEAX@Z 0000000140016850 f   table.obj
 0001:00015dc0       ?matchExpoTable@@YAIPEAX0FH@Z 0000000140016dc0 f   table.obj
 0001:00016480       ?updateTarget@@YAIPEAXH@Z  0000000140017480 f   table.obj
 0001:000166b0       ??$?0AEAPEAV_Facet_base@std@@@?$_Compressed_pair@U?$default_delete@V_Facet_base@std@@@std@@PEAV_Facet_base@2@$00@std@@QEAA@U_Zero_then_variadic_args_t@1@AEAPEAV_Facet_base@1@@Z 00000001400176b0 f i IspSoftAeApi.obj
 0001:00016700       ??$?0AEBV?$allocator@D@std@@$$V@?$_Compressed_pair@V?$allocator@D@std@@V?$_String_val@U?$_Simple_types@D@std@@@2@$00@std@@QEAA@U_One_then_variadic_args_t@1@AEBV?$allocator@D@1@@Z 0000000140017700 f i IspSoftAeApi.obj
 0001:00016750       ??$?0U?$default_delete@V_Facet_base@std@@@std@@$0A@@?$unique_ptr@V_Facet_base@std@@U?$default_delete@V_Facet_base@std@@@2@@std@@QEAA@PEAV_Facet_base@1@@Z 0000000140017750 f i IspSoftAeApi.obj
 0001:000167b0       ??$?HDU?$char_traits@D@std@@V?$allocator@D@1@@std@@YA?AV?$basic_string@DU?$char_traits@D@std@@V?$allocator@D@2@@0@AEBV10@QEBD@Z 00000001400177b0 f i IspSoftAeApi.obj
 0001:000168b0       ??$_Fgetc@D@std@@YA_NAEADPEAU_iobuf@@@Z 00000001400178b0 f i IspSoftAeApi.obj
 0001:00016910       ??$_Fputc@D@std@@YA_NDPEAU_iobuf@@@Z 0000000140017910 f i IspSoftAeApi.obj
 0001:00016980       ??$_Pocma@V?$allocator@D@std@@@std@@YAXAEAV?$allocator@D@0@0@Z 0000000140017980 f i IspSoftAeApi.obj
 0001:000169b0       ??$_Reallocate_grow_by@V<lambda_1>@?1??push_back@?$basic_string@DU?$char_traits@D@std@@V?$allocator@D@2@@std@@QEAAXD@Z@D@?$basic_string@DU?$char_traits@D@std@@V?$allocator@D@2@@std@@AEAAAEAV01@_KV<lambda_1>@?1??push_back@01@QEAAXD@Z@D@Z 00000001400179b0 f i IspSoftAeApi.obj
 0001:00016bd0       ??$_Traits_find_last_of@U?$char_traits@D@std@@$00@std@@YA_KQEBD_K101@Z 0000000140017bd0 f i IspSoftAeApi.obj
 0001:00016d80       ??$_Traits_find_last_of@U?$char_traits@D@std@@$0A@@std@@YA_KQEBD_K101@Z 0000000140017d80 f i IspSoftAeApi.obj
 0001:00016e60       ??$_Ungetc@D@std@@YA_NAEBDPEAU_iobuf@@@Z 0000000140017e60 f i IspSoftAeApi.obj
 0001:00016ed0       ??$addressof@$$CBV?$codecvt@DDU_Mbstatet@@@std@@@std@@YAPEBV?$codecvt@DDU_Mbstatet@@@0@AEBV10@@Z 0000000140017ed0 f i IspSoftAeApi.obj
 0001:00016f00       ??$addressof@V?$basic_filebuf@DU?$char_traits@D@std@@@std@@@std@@YAPEAV?$basic_filebuf@DU?$char_traits@D@std@@@0@AEAV10@@Z 0000000140017f00 f i IspSoftAeApi.obj
 0001:00016f30       ??$addressof@V?$basic_string@DU?$char_traits@D@std@@V?$allocator@D@2@@std@@@std@@YAPEAV?$basic_string@DU?$char_traits@D@std@@V?$allocator@D@2@@0@AEAV10@@Z 0000000140017f30 f i IspSoftAeApi.obj
 0001:00016f60       ??$exchange@PEAV_Facet_base@std@@$$T@std@@YAPEAV_Facet_base@0@AEAPEAV10@$$QEA$$T@Z 0000000140017f60 f i IspSoftAeApi.obj
 0001:00016fc0       ??$use_facet@V?$codecvt@DDU_Mbstatet@@@std@@@std@@YAAEBV?$codecvt@DDU_Mbstatet@@@0@AEBVlocale@0@@Z 0000000140017fc0 f i IspSoftAeApi.obj
 0001:00017150       ??0?$_String_bitmap@D$00@std@@QEAA@XZ 0000000140018150 f i IspSoftAeApi.obj
 0001:00017190       ??0?$basic_filebuf@DU?$char_traits@D@std@@@std@@QEAA@XZ 0000000140018190 f i IspSoftAeApi.obj
 0001:000171f0       ??0?$basic_fstream@DU?$char_traits@D@std@@@std@@QEAA@XZ 00000001400181f0 f i IspSoftAeApi.obj
 0001:00017310       ??0?$basic_string@DU?$char_traits@D@std@@V?$allocator@D@2@@std@@QEAA@AEBV01@_K1AEBV?$allocator@D@1@@Z 0000000140018310 f i IspSoftAeApi.obj
 0001:000173e0       ??0?$basic_string@DU?$char_traits@D@std@@V?$allocator@D@2@@std@@QEAA@U_String_constructor_concat_tag@1@AEBV01@QEBD_K23@Z 00000001400183e0 f i IspSoftAeApi.obj
 0001:00017620       ??0?$basic_string@DU?$char_traits@D@std@@V?$allocator@D@2@@std@@QEAA@XZ 0000000140018620 f i IspSoftAeApi.obj
 0001:00017680       ??0?$fpos@U_Mbstatet@@@std@@QEAA@U_Mbstatet@@_J@Z 0000000140018680 f i IspSoftAeApi.obj
 0001:000176f0       ??0?$fpos@U_Mbstatet@@@std@@QEAA@_J@Z 00000001400186f0 f i IspSoftAeApi.obj
 0001:00017760       ??0bad_cast@std@@QEAA@AEBV01@@Z 0000000140018760 f i IspSoftAeApi.obj
 0001:000177b0       ??0bad_cast@std@@QEAA@XZ   00000001400187b0 f i IspSoftAeApi.obj
 0001:00017810       ??1?$basic_filebuf@DU?$char_traits@D@std@@@std@@UEAA@XZ 0000000140018810 f i IspSoftAeApi.obj
 0001:00017890       ??1?$basic_fstream@DU?$char_traits@D@std@@@std@@UEAA@XZ 0000000140018890 f i IspSoftAeApi.obj
 0001:00017950       ??1?$unique_ptr@V_Facet_base@std@@U?$default_delete@V_Facet_base@std@@@2@@std@@QEAA@XZ 0000000140018950 f i IspSoftAeApi.obj
 0001:000179b0       ??1bad_cast@std@@UEAA@XZ   00000001400189b0 f i IspSoftAeApi.obj
 0001:000179e0       ??1locale@std@@QEAA@XZ     00000001400189e0 f i IspSoftAeApi.obj
 0001:00017a70       ??4?$basic_string@DU?$char_traits@D@std@@V?$allocator@D@2@@std@@QEAAAEAV01@$$QEAV01@@Z 0000000140018a70 f i IspSoftAeApi.obj
 0001:00017b20       ??B?$fpos@U_Mbstatet@@@std@@QEBA_JXZ 0000000140018b20 f i IspSoftAeApi.obj
 0001:00017b60       ??R<lambda_1>@?1??push_back@?$basic_string@DU?$char_traits@D@std@@V?$allocator@D@2@@std@@QEAAXD@Z@QEBA@QEADQEBD_KD@Z 0000000140018b60 f i IspSoftAeApi.obj
 0001:00017c00       ??R?$default_delete@V_Facet_base@std@@@std@@QEBAXPEAV_Facet_base@1@@Z 0000000140018c00 f i IspSoftAeApi.obj
 0001:00017c80       ??_D?$basic_fstream@DU?$char_traits@D@std@@@std@@QEAAXXZ 0000000140018c80 f i IspSoftAeApi.obj
 0001:00017cc8       ??_E?$basic_fstream@DU?$char_traits@D@std@@@std@@$4PPPPPPPM@A@EAAPEAXI@Z 0000000140018cc8 f i IspSoftAeApi.obj
 0001:00017ce0       ??_E?$basic_filebuf@DU?$char_traits@D@std@@@std@@UEAAPEAXI@Z 0000000140018ce0 f i IspSoftAeApi.obj
 0001:00017ce0       ??_G?$basic_filebuf@DU?$char_traits@D@std@@@std@@UEAAPEAXI@Z 0000000140018ce0 f i IspSoftAeApi.obj
 0001:00017d40       ??_E?$basic_fstream@DU?$char_traits@D@std@@@std@@UEAAPEAXI@Z 0000000140018d40 f i IspSoftAeApi.obj
 0001:00017d40       ??_G?$basic_fstream@DU?$char_traits@D@std@@@std@@UEAAPEAXI@Z 0000000140018d40 f i IspSoftAeApi.obj
 0001:00017db0       ??_Ebad_cast@std@@UEAAPEAXI@Z 0000000140018db0 f i IspSoftAeApi.obj
 0001:00017db0       ??_Gbad_cast@std@@UEAAPEAXI@Z 0000000140018db0 f i IspSoftAeApi.obj
 0001:00017e10       ?AEConfigParamSet@@YAHPEAXPEAUparseParam@@@Z 0000000140018e10 f   IspSoftAeApi.obj
 0001:000196f0       ?AeTuningParseSet@@YAHPEAXPEAUparseParam@@@Z 000000014001a6f0 f   IspSoftAeApi.obj
 0001:0001a670       ?GetCurrMoudle@@YA?AV?$basic_string@DU?$char_traits@D@std@@V?$allocator@D@2@@std@@XZ 000000014001b670 f   IspSoftAeApi.obj
 0001:0001a910       ?UnicodeToAnsi_str@@YA?AV?$basic_string@DU?$char_traits@D@std@@V?$allocator@D@2@@std@@PEB_W@Z 000000014001b910 f   IspSoftAeApi.obj
 0001:0001aae0       ?_Calculate_growth@?$basic_string@DU?$char_traits@D@std@@V?$allocator@D@2@@std@@AEBA_K_K@Z 000000014001bae0 f i IspSoftAeApi.obj
 0001:0001ab40       ?_Check_offset@?$_String_val@U?$_Simple_types@D@std@@@std@@QEBAX_K@Z 000000014001bb40 f i IspSoftAeApi.obj
 0001:0001ab90       ?_Clamp_suffix_size@?$_String_val@U?$_Simple_types@D@std@@@std@@QEBA_K_K0@Z 000000014001bb90 f i IspSoftAeApi.obj
 0001:0001ac00       ?_Construct_empty@?$basic_string@DU?$char_traits@D@std@@V?$allocator@D@2@@std@@AEAAXXZ 000000014001bc00 f i IspSoftAeApi.obj
 0001:0001acb0       ?_Endwrite@?$basic_filebuf@DU?$char_traits@D@std@@@std@@IEAA_NXZ 000000014001bcb0 f i IspSoftAeApi.obj
 0001:0001aea0       ?_Erase_noexcept@?$basic_string@DU?$char_traits@D@std@@V?$allocator@D@2@@std@@AEAAAEAV12@_K_K@Z 000000014001bea0 f i IspSoftAeApi.obj
 0001:0001af90       ?_Get_first@?$_Compressed_pair@U?$default_delete@V_Facet_base@std@@@std@@PEAV_Facet_base@2@$00@std@@QEAAAEAU?$default_delete@V_Facet_base@std@@@2@XZ 000000014001bf90 f i IspSoftAeApi.obj
 0001:0001afc0       ?_Getfacet@locale@std@@QEBAPEBVfacet@12@_K@Z 000000014001bfc0 f i IspSoftAeApi.obj
 0001:0001b090       ?_Init@?$basic_filebuf@DU?$char_traits@D@std@@@std@@IEAAXPEAU_iobuf@@W4_Initfl@12@@Z 000000014001c090 f i IspSoftAeApi.obj
 0001:0001b210       ?_Initcvt@?$basic_filebuf@DU?$char_traits@D@std@@@std@@IEAAXAEBV?$codecvt@DDU_Mbstatet@@@2@@Z 000000014001c210 f i IspSoftAeApi.obj
 0001:0001b290       ?_Lock@?$basic_filebuf@DU?$char_traits@D@std@@@std@@UEAAXXZ 000000014001c290 f i IspSoftAeApi.obj
 0001:0001b2e0       ?_Mark@?$_String_bitmap@D$00@std@@QEAA_NPEBDQEBD@Z 000000014001c2e0 f i IspSoftAeApi.obj
 0001:0001b350       ?_Match@?$_String_bitmap@D$00@std@@QEBA_ND@Z 000000014001c350 f i IspSoftAeApi.obj
 0001:0001b390       ?_Myptr@?$_String_val@U?$_Simple_types@D@std@@@std@@QEAAPEADXZ 000000014001c390 f i IspSoftAeApi.obj
 0001:0001b400       ?_Myptr@?$_String_val@U?$_Simple_types@D@std@@@std@@QEBAPEBDXZ 000000014001c400 f i IspSoftAeApi.obj
 0001:0001b470       ?_Reset_back@?$basic_filebuf@DU?$char_traits@D@std@@@std@@AEAAXXZ 000000014001c470 f i IspSoftAeApi.obj
 0001:0001b4f0       ?_Set_back@?$basic_filebuf@DU?$char_traits@D@std@@@std@@AEAAXXZ 000000014001c4f0 f i IspSoftAeApi.obj
 0001:0001b5a0       ?_Throw_bad_cast@std@@YAXXZ 000000014001c5a0 f i IspSoftAeApi.obj
 0001:0001b5f0       ?_Unlock@?$basic_filebuf@DU?$char_traits@D@std@@@std@@UEAAXXZ 000000014001c5f0 f i IspSoftAeApi.obj
 0001:0001b640       ?_Xran@?$_String_val@U?$_Simple_types@D@std@@@std@@SAXXZ 000000014001c640 f i IspSoftAeApi.obj
 0001:0001b680       ?__autoclassinit2@?$basic_fstream@DU?$char_traits@D@std@@@std@@QEAAX_K@Z 000000014001c680 f i IspSoftAeApi.obj
 0001:0001b6c0       ?__autoclassinit2@?$unique_ptr@V_Facet_base@std@@U?$default_delete@V_Facet_base@std@@@2@@std@@QEAAX_K@Z 000000014001c6c0 f i IspSoftAeApi.obj
 0001:0001b700       ?c_str@?$basic_string@DU?$char_traits@D@std@@V?$allocator@D@2@@std@@QEBAPEBDXZ 000000014001c700 f i IspSoftAeApi.obj
 0001:0001b740       ?close@?$basic_filebuf@DU?$char_traits@D@std@@@std@@QEAAPEAV12@XZ 000000014001c740 f i IspSoftAeApi.obj
 0001:0001b7f0       ?close@?$basic_fstream@DU?$char_traits@D@std@@@std@@QEAAXXZ 000000014001c7f0 f i IspSoftAeApi.obj
 0001:0001b860       ?data@?$basic_string@DU?$char_traits@D@std@@V?$allocator@D@2@@std@@QEBAPEBDXZ 000000014001c860 f i IspSoftAeApi.obj
 0001:0001b8a0       ?eof@?$_Narrow_char_traits@DH@std@@SAHXZ 000000014001c8a0 f i IspSoftAeApi.obj
 0001:0001b8d0       ?eq_int_type@?$_Narrow_char_traits@DH@std@@SA_NHH@Z 000000014001c8d0 f i IspSoftAeApi.obj
 0001:0001b930       ?erase@?$basic_string@DU?$char_traits@D@std@@V?$allocator@D@2@@std@@QEAAAEAV12@_K0@Z 000000014001c930 f i IspSoftAeApi.obj
 0001:0001b9a0       ?find@?$_Narrow_char_traits@DH@std@@SAPEBDQEBD_KAEBD@Z 000000014001c9a0 f i IspSoftAeApi.obj
 0001:0001ba00       ?find_last_of@?$basic_string@DU?$char_traits@D@std@@V?$allocator@D@2@@std@@QEBA_KQEBD_K@Z 000000014001ca00 f i IspSoftAeApi.obj
 0001:0001ba80       ?front@?$basic_string@DU?$char_traits@D@std@@V?$allocator@D@2@@std@@QEAAAEADXZ 000000014001ca80 f i IspSoftAeApi.obj
 0001:0001bb50       ?imbue@?$basic_filebuf@DU?$char_traits@D@std@@@std@@MEAAXAEBVlocale@2@@Z 000000014001cb50 f i IspSoftAeApi.obj
 0001:0001bba0       ?is_open@?$basic_filebuf@DU?$char_traits@D@std@@@std@@QEBA_NXZ 000000014001cba0 f i IspSoftAeApi.obj
 0001:0001bc00       ?is_open@?$basic_fstream@DU?$char_traits@D@std@@@std@@QEBA_NXZ 000000014001cc00 f i IspSoftAeApi.obj
 0001:0001be60       ?move@?$_Char_traits@DH@std@@SAPEADQEADQEBD_K@Z 000000014001ce60 f i IspSoftAeApi.obj
 0001:0001bec0       ?not_eof@?$_Narrow_char_traits@DH@std@@SAHH@Z 000000014001cec0 f i IspSoftAeApi.obj
 0001:0001bf40       ?open@?$basic_filebuf@DU?$char_traits@D@std@@@std@@QEAAPEAV12@PEBDHH@Z 000000014001cf40 f i IspSoftAeApi.obj
 0001:0001c030       ?open@?$basic_fstream@DU?$char_traits@D@std@@@std@@QEAAXAEBV?$basic_string@DU?$char_traits@D@std@@V?$allocator@D@2@@2@HH@Z 000000014001d030 f i IspSoftAeApi.obj
 0001:0001c0a0       ?open@?$basic_fstream@DU?$char_traits@D@std@@@std@@QEAAXPEBDHH@Z 000000014001d0a0 f i IspSoftAeApi.obj
 0001:0001c160       ?overflow@?$basic_filebuf@DU?$char_traits@D@std@@@std@@MEAAHH@Z 000000014001d160 f i IspSoftAeApi.obj
 0001:0001c450       ?pbackfail@?$basic_filebuf@DU?$char_traits@D@std@@@std@@MEAAHH@Z 000000014001d450 f i IspSoftAeApi.obj
 0001:0001c890       ?push_back@?$basic_string@DU?$char_traits@D@std@@V?$allocator@D@2@@std@@QEAAXD@Z 000000014001d890 f i IspSoftAeApi.obj
 0001:0001c980       ?release@?$unique_ptr@V_Facet_base@std@@U?$default_delete@V_Facet_base@std@@@2@@std@@QEAAPEAV_Facet_base@2@XZ 000000014001d980 f i IspSoftAeApi.obj
 0001:0001cbe0       ?seekoff@?$basic_filebuf@DU?$char_traits@D@std@@@std@@MEAA?AV?$fpos@U_Mbstatet@@@2@_JHH@Z 000000014001dbe0 f i IspSoftAeApi.obj
 0001:0001cd70       ?seekpos@?$basic_filebuf@DU?$char_traits@D@std@@@std@@MEAA?AV?$fpos@U_Mbstatet@@@2@V32@H@Z 000000014001dd70 f i IspSoftAeApi.obj
 0001:0001cec0       ?select_on_container_copy_construction@?$_Default_allocator_traits@V?$allocator@D@std@@@std@@SA?AV?$allocator@D@2@AEBV32@@Z 000000014001dec0 f i IspSoftAeApi.obj
 0001:0001cf00       ?setbuf@?$basic_filebuf@DU?$char_traits@D@std@@@std@@MEAAPEAV?$basic_streambuf@DU?$char_traits@D@std@@@2@PEAD_J@Z 000000014001df00 f i IspSoftAeApi.obj
 0001:0001cfd0       ?size@?$basic_string@DU?$char_traits@D@std@@V?$allocator@D@2@@std@@QEBA_KXZ 000000014001dfd0 f i IspSoftAeApi.obj
 0001:0001d010       ?state@?$fpos@U_Mbstatet@@@std@@QEBA?AU_Mbstatet@@XZ 000000014001e010 f i IspSoftAeApi.obj
 0001:0001d060       ?substr@?$basic_string@DU?$char_traits@D@std@@V?$allocator@D@2@@std@@QEBA?AV12@_K0@Z 000000014001e060 f i IspSoftAeApi.obj
 0001:0001d0f0       ?sync@?$basic_filebuf@DU?$char_traits@D@std@@@std@@MEAAHXZ 000000014001e0f0 f i IspSoftAeApi.obj
 0001:0001d1a0       ?to_char_type@?$_Narrow_char_traits@DH@std@@SADH@Z 000000014001e1a0 f i IspSoftAeApi.obj
 0001:0001d1d0       ?to_int_type@?$_Narrow_char_traits@DH@std@@SAHD@Z 000000014001e1d0 f i IspSoftAeApi.obj
 0001:0001d200       ?uflow@?$basic_filebuf@DU?$char_traits@D@std@@@std@@MEAAHXZ 000000014001e200 f i IspSoftAeApi.obj
 0001:0001d590       ?underflow@?$basic_filebuf@DU?$char_traits@D@std@@@std@@MEAAHXZ 000000014001e590 f i IspSoftAeApi.obj
 0001:0001d810       ?xsgetn@?$basic_filebuf@DU?$char_traits@D@std@@@std@@MEAA_JPEAD_J@Z 000000014001e810 f i IspSoftAeApi.obj
 0001:0001da70       ?xsputn@?$basic_filebuf@DU?$char_traits@D@std@@@std@@MEAA_JPEBD_J@Z 000000014001ea70 f i IspSoftAeApi.obj
 0001:0001dbe0       IspSoftAeLoad              000000014001ebe0 f   IspSoftAeApi.obj
 0001:0001dd10       ??$?0$$V@?$_Compressed_pair@V?$allocator@PEAX@std@@V?$_Vector_val@U?$_Simple_types@PEAX@std@@@2@$00@std@@QEAA@U_Zero_then_variadic_args_t@1@@Z 000000014001ed10 f i test.obj
 0001:0001dd60       ??$?0$$V@?$_Compressed_pair@V?$allocator@UIspFrameData@@@std@@V?$_Deque_val@U?$_Deque_simple_types@UIspFrameData@@@std@@@2@$00@std@@QEAA@U_Zero_then_variadic_args_t@1@@Z 000000014001ed60 f i test.obj
 0001:0001ddb0       ??$?0AEAP6AHPEAXI0@Z@?$_Tuple_val@P6AHPEAXI0@Z@std@@QEAA@AEAP6AHPEAXI0@Z@Z 000000014001edb0 f i test.obj
 0001:0001de00       ??$?0AEAP6AHPEAXI0@ZAEAPEAXW4IspSoftAeProcessType@@PEAUIspSoftAeInImage@@$0A@@?$tuple@P6AHPEAXI0@ZPEAXW4IspSoftAeProcessType@@PEAUIspSoftAeInImage@@@std@@QEAA@AEAP6AHPEAXI0@ZAEAPEAX$$QEAW4IspSoftAeProcessType@@$$QEAPEAUIspSoftAeInImage@@@Z 000000014001ee00 f i test.obj
 0001:0001de80       ??$?0AEAPEAU_TaskProcHandle@details@Concurrency@@@?$_Compressed_pair@U?$default_delete@U_TaskProcHandle@details@Concurrency@@@std@@PEAU_TaskProcHandle@details@Concurrency@@$00@std@@QEAA@U_Zero_then_variadic_args_t@1@AEAPEAU_TaskProcHandle@details@Concurrency@@@Z 000000014001ee80 f i test.obj
 0001:0001ded0       ??$?0AEAPEAV_CancellationTokenState@details@Concurrency@@AEAUscheduler_ptr@2@@?$_Ref_count_obj2@U?$_Task_impl@E@details@Concurrency@@@std@@QEAA@AEAPEAV_CancellationTokenState@details@Concurrency@@AEAUscheduler_ptr@4@@Z 000000014001eed0 f i test.obj
 0001:0001df60       ??$?0AEAPEAV_PPLTaskChore@_DefaultPPLTaskScheduler@details@Concurrency@@@?$_Compressed_pair@U?$default_delete@V_PPLTaskChore@_DefaultPPLTaskScheduler@details@Concurrency@@@std@@PEAV_PPLTaskChore@_DefaultPPLTaskScheduler@details@Concurrency@@$00@std@@QEAA@U_Zero_then_variadic_args_t@1@AEAPEAV_PPLTaskChore@_DefaultPPLTaskScheduler@details@Concurrency@@@Z 000000014001ef60 f i test.obj
 0001:0001dfb0       ??$?0AEAPEAX@?$_Tuple_val@PEAX@std@@QEAA@AEAPEAX@Z 000000014001efb0 f i test.obj
 0001:0001e000       ??$?0AEBV<lambda_1>@?1???$?0V?$_Fake_no_copy_callable_adapter@AEAP6AHPEAXI0@ZAEAPEAXW4IspSoftAeProcessType@@PEAUIspSoftAeInImage@@@std@@@?$_Task_async_state@H@std@@QEAA@$$QEAV?$_Fake_no_copy_callable_adapter@AEAP6AHPEAXI0@ZAEAPEAXW4IspSoftAeProcessType@@PEAUIspSoftAeInImage@@@2@@Z@$0A@@?$_Func_impl_no_alloc@V<lambda_1>@?1???$?0V?$_Fake_no_copy_callable_adapter@AEAP6AHPEAXI0@ZAEAPEAXW4IspSoftAeProcessType@@PEAUIspSoftAeInImage@@@std@@@?$_Task_async_state@H@std@@QEAA@$$QEAV?$_Fake_no_copy_callable_adapter@AEAP6AHPEAXI0@ZAEAPEAXW4IspSoftAeProcessType@@PEAUIspSoftAeInImage@@@3@@Z@X$$V@std@@QEAA@AEBV<lambda_1>@?1???$?0V?$_Fake_no_copy_callable_adapter@AEAP6AHPEAXI0@ZAEAPEAXW4IspSoftAeProcessType@@PEAUIspSoftAeInImage@@@std@@@?$_Task_async_state@H@1@QEAA@$$QEAV?$_Fake_no_copy_callable_adapter@AEAP6AHPEAXI0@ZAEAPEAXW4IspSoftAeProcessType@@PEAUIspSoftAeInImage@@@1@@Z@@Z 000000014001f000 f i test.obj
 0001:0001e070       ??$?0AEBV<lambda_1>@?1???$?0V?$_Fake_no_copy_callable_adapter@AEAP6AHPEAXI0@ZAEAPEAXW4IspSoftAeProcessType@@PEAUIspSoftAeInImage@@@std@@@?$_Task_async_state@H@std@@QEAA@$$QEAV?$_Fake_no_copy_callable_adapter@AEAP6AHPEAXI0@ZAEAPEAXW4IspSoftAeProcessType@@PEAUIspSoftAeInImage@@@2@@Z@$0A@@?$function@$$A6AXXZ@std@@QEAA@AEBV<lambda_1>@?1???$?0V?$_Fake_no_copy_callable_adapter@AEAP6AHPEAXI0@ZAEAPEAXW4IspSoftAeProcessType@@PEAUIspSoftAeInImage@@@std@@@?$_Task_async_state@H@1@QEAA@$$QEAV?$_Fake_no_copy_callable_adapter@AEAP6AHPEAXI0@ZAEAPEAXW4IspSoftAeProcessType@@PEAUIspSoftAeInImage@@@1@@Z@@Z 000000014001f070 f i test.obj
 0001:0001e0d0       ??$?0AEBV<lambda_1>@?1??_MakeVoidToUnitFunc@details@Concurrency@@YA?AV?$function@$$A6AEXZ@std@@AEBV?$function@$$A6AXXZ@5@@Z@$0A@@?$_Func_impl_no_alloc@V<lambda_1>@?1??_MakeVoidToUnitFunc@details@Concurrency@@YA?AV?$function@$$A6AEXZ@std@@AEBV?$function@$$A6AXXZ@6@@Z@E$$V@std@@QEAA@AEBV<lambda_1>@?1??_MakeVoidToUnitFunc@details@Concurrency@@YA?AV?$function@$$A6AEXZ@1@AEBV?$function@$$A6AXXZ@1@@Z@@Z 000000014001f0d0 f i test.obj
 0001:0001e140       ??$?0AEBV<lambda_1>@?4??_ScheduleContinuationTask@_Task_impl_base@details@Concurrency@@QEAAXPEAU_ContinuationTaskHandleBase@34@@Z@$0A@@?$_Func_impl_no_alloc@V<lambda_1>@?4??_ScheduleContinuationTask@_Task_impl_base@details@Concurrency@@QEAAXPEAU_ContinuationTaskHandleBase@45@@Z@X$$V@std@@QEAA@AEBV<lambda_1>@?4??_ScheduleContinuationTask@_Task_impl_base@details@Concurrency@@QEAAXPEAU_ContinuationTaskHandleBase@56@@Z@@Z 000000014001f140 f i test.obj
 0001:0001e1b0       ??$?0AEBV<lambda_1>@?7???R0?4??_ScheduleContinuationTask@_Task_impl_base@details@Concurrency@@QEAAXPEAU_ContinuationTaskHandleBase@34@@Z@QEBA@XZ@$0A@@?$_Func_impl_no_alloc@V<lambda_1>@?7???R1?4??_ScheduleContinuationTask@_Task_impl_base@details@Concurrency@@QEAAXPEAU_ContinuationTaskHandleBase@45@@Z@QEBA@XZ@X$$V@std@@QEAA@AEBV<lambda_1>@?7???R2?4??_ScheduleContinuationTask@_Task_impl_base@details@Concurrency@@QEAAXPEAU_ContinuationTaskHandleBase@56@@Z@QEBA@XZ@@Z 000000014001f1b0 f i test.obj
 0001:0001e220       ??$?0AEBV<lambda_1>@?CC@??_CancelAndRunContinuations@?$_Task_impl@E@details@Concurrency@@UEAA_N_N00AEBV?$shared_ptr@U_ExceptionHolder@details@Concurrency@@@std@@@Z@$0A@@?$_Func_impl_no_alloc@V<lambda_1>@?CC@??_CancelAndRunContinuations@?$_Task_impl@E@details@Concurrency@@UEAA_N_N00AEBV?$shared_ptr@U_ExceptionHolder@details@Concurrency@@@std@@@Z@X$$V@std@@QEAA@AEBV<lambda_1>@?CC@??_CancelAndRunContinuations@?$_Task_impl@E@details@Concurrency@@UEAA_N_N00AEBV?$shared_ptr@U_ExceptionHolder@details@Concurrency@@@1@@Z@@Z 000000014001f220 f i test.obj
 0001:0001e290       ??$?0AEBV?$_Fake_no_copy_callable_adapter@AEAP6AHPEAXI0@ZAEAPEAXW4IspSoftAeProcessType@@PEAUIspSoftAeInImage@@@std@@$0A@@?$_Func_impl_no_alloc@V?$_Fake_no_copy_callable_adapter@AEAP6AHPEAXI0@ZAEAPEAXW4IspSoftAeProcessType@@PEAUIspSoftAeInImage@@@std@@H$$V@std@@QEAA@AEBV?$_Fake_no_copy_callable_adapter@AEAP6AHPEAXI0@ZAEAPEAXW4IspSoftAeProcessType@@PEAUIspSoftAeInImage@@@1@@Z 000000014001f290 f i test.obj
 0001:0001e310       ??$?0AEBVexception_ptr@std@@V_TaskCreationCallstack@details@Concurrency@@@?$_Ref_count_obj2@U_ExceptionHolder@details@Concurrency@@@std@@QEAA@AEBVexception_ptr@1@$$QEAV_TaskCreationCallstack@details@Concurrency@@@Z 000000014001f310 f i test.obj
 0001:0001e3a0       ??$?0PEAUIspSoftAeInImage@@@?$_Tuple_val@PEAUIspSoftAeInImage@@@std@@QEAA@$$QEAPEAUIspSoftAeInImage@@@Z 000000014001f3a0 f i test.obj
 0001:0001e3f0       ??$?0PEAX@?$allocator@U_Container_proxy@std@@@std@@QEAA@AEBV?$allocator@PEAX@1@@Z 000000014001f3f0 f i test.obj
 0001:0001e430       ??$?0U?$_Task_impl@E@details@Concurrency@@$0A@@?$weak_ptr@U_Task_impl_base@details@Concurrency@@@std@@QEAA@AEBV?$shared_ptr@U?$_Task_impl@E@details@Concurrency@@@1@@Z 000000014001f430 f i test.obj
 0001:0001e490       ??$?0U?$default_delete@U_TaskProcHandle@details@Concurrency@@@std@@$0A@@?$unique_ptr@U_TaskProcHandle@details@Concurrency@@U?$default_delete@U_TaskProcHandle@details@Concurrency@@@std@@@std@@QEAA@PEAU_TaskProcHandle@details@Concurrency@@@Z 000000014001f490 f i test.obj
 0001:0001e4f0       ??$?0U?$default_delete@V_PPLTaskChore@_DefaultPPLTaskScheduler@details@Concurrency@@@std@@$0A@@?$unique_ptr@V_PPLTaskChore@_DefaultPPLTaskScheduler@details@Concurrency@@U?$default_delete@V_PPLTaskChore@_DefaultPPLTaskScheduler@details@Concurrency@@@std@@@std@@QEAA@$$QEAV01@@Z 000000014001f4f0 f i test.obj
 0001:0001e570       ??$?0U?$default_delete@V_PPLTaskChore@_DefaultPPLTaskScheduler@details@Concurrency@@@std@@$0A@@?$unique_ptr@V_PPLTaskChore@_DefaultPPLTaskScheduler@details@Concurrency@@U?$default_delete@V_PPLTaskChore@_DefaultPPLTaskScheduler@details@Concurrency@@@std@@@std@@QEAA@PEAV_PPLTaskChore@_DefaultPPLTaskScheduler@details@Concurrency@@@Z 000000014001f570 f i test.obj
 0001:0001e5d0       ??$?0U?$default_delete@V_PPLTaskChore@_DefaultPPLTaskScheduler@details@Concurrency@@@std@@PEAV_PPLTaskChore@_DefaultPPLTaskScheduler@details@Concurrency@@@?$_Compressed_pair@U?$default_delete@V_PPLTaskChore@_DefaultPPLTaskScheduler@details@Concurrency@@@std@@PEAV_PPLTaskChore@_DefaultPPLTaskScheduler@details@Concurrency@@$00@std@@QEAA@U_One_then_variadic_args_t@1@$$QEAU?$default_delete@V_PPLTaskChore@_DefaultPPLTaskScheduler@details@Concurrency@@@1@$$QEAPEAV_PPLTaskChore@_DefaultPPLTaskScheduler@details@Concurrency@@@Z 000000014001f5d0 f i test.obj
 0001:0001e630       ??$?0UIspFrameData@@@?$allocator@PEAUIspFrameData@@@std@@QEAA@AEBV?$allocator@UIspFrameData@@@1@@Z 000000014001f630 f i test.obj
 0001:0001e670       ??$?0UIspFrameData@@@?$allocator@U_Container_proxy@std@@@std@@QEAA@AEBV?$allocator@UIspFrameData@@@1@@Z 000000014001f670 f i test.obj
 0001:0001e6b0       ??$?0U_Exact_args_t@std@@$0A@@?$tuple@$$V@std@@QEAA@U_Exact_args_t@1@@Z 000000014001f6b0 f i test.obj
 0001:0001e6f0       ??$?0U_Exact_args_t@std@@AEAP6AHPEAXI0@ZAEAPEAXW4IspSoftAeProcessType@@PEAUIspSoftAeInImage@@$0A@@?$tuple@P6AHPEAXI0@ZPEAXW4IspSoftAeProcessType@@PEAUIspSoftAeInImage@@@std@@QEAA@U_Exact_args_t@1@AEAP6AHPEAXI1@ZAEAPEAX$$QEAW4IspSoftAeProcessType@@$$QEAPEAUIspSoftAeInImage@@@Z 000000014001f6f0 f i test.obj
 0001:0001e780       ??$?0U_Exact_args_t@std@@AEAPEAXW4IspSoftAeProcessType@@PEAUIspSoftAeInImage@@$0A@@?$tuple@PEAXW4IspSoftAeProcessType@@PEAUIspSoftAeInImage@@@std@@QEAA@U_Exact_args_t@1@AEAPEAX$$QEAW4IspSoftAeProcessType@@$$QEAPEAUIspSoftAeInImage@@@Z 000000014001f780 f i test.obj
 0001:0001e800       ??$?0U_Exact_args_t@std@@PEAUIspSoftAeInImage@@$$V$0A@@?$tuple@PEAUIspSoftAeInImage@@@std@@QEAA@U_Exact_args_t@1@$$QEAPEAUIspSoftAeInImage@@@Z 000000014001f800 f i test.obj
 0001:0001e870       ??$?0U_Exact_args_t@std@@W4IspSoftAeProcessType@@PEAUIspSoftAeInImage@@$0A@@?$tuple@W4IspSoftAeProcessType@@PEAUIspSoftAeInImage@@@std@@QEAA@U_Exact_args_t@1@$$QEAW4IspSoftAeProcessType@@$$QEAPEAUIspSoftAeInImage@@@Z 000000014001f870 f i test.obj
 0001:0001e8f0       ??$?0V<lambda_1>@?1???$?0V?$_Fake_no_copy_callable_adapter@AEAP6AHPEAXI0@ZAEAPEAXW4IspSoftAeProcessType@@PEAUIspSoftAeInImage@@@std@@@?$_Task_async_state@H@std@@QEAA@$$QEAV?$_Fake_no_copy_callable_adapter@AEAP6AHPEAXI0@ZAEAPEAXW4IspSoftAeProcessType@@PEAUIspSoftAeInImage@@@2@@Z@$0A@@?$_Func_impl_no_alloc@V<lambda_1>@?1???$?0V?$_Fake_no_copy_callable_adapter@AEAP6AHPEAXI0@ZAEAPEAXW4IspSoftAeProcessType@@PEAUIspSoftAeInImage@@@std@@@?$_Task_async_state@H@std@@QEAA@$$QEAV?$_Fake_no_copy_callable_adapter@AEAP6AHPEAXI0@ZAEAPEAXW4IspSoftAeProcessType@@PEAUIspSoftAeInImage@@@3@@Z@X$$V@std@@QEAA@$$QEAV<lambda_1>@?1???$?0V?$_Fake_no_copy_callable_adapter@AEAP6AHPEAXI0@ZAEAPEAXW4IspSoftAeProcessType@@PEAUIspSoftAeInImage@@@std@@@?$_Task_async_state@H@1@QEAA@$$QEAV?$_Fake_no_copy_callable_adapter@AEAP6AHPEAXI0@ZAEAPEAXW4IspSoftAeProcessType@@PEAUIspSoftAeInImage@@@1@@Z@@Z 000000014001f8f0 f i test.obj
 0001:0001e960       ??$?0V<lambda_1>@?1???$?0V?$_Fake_no_copy_callable_adapter@AEAP6AHPEAXI0@ZAEAPEAXW4IspSoftAeProcessType@@PEAUIspSoftAeInImage@@@std@@@?$_Task_async_state@H@std@@QEAA@$$QEAV?$_Fake_no_copy_callable_adapter@AEAP6AHPEAXI0@ZAEAPEAXW4IspSoftAeProcessType@@PEAUIspSoftAeInImage@@@2@@Z@@?$task@X@Concurrency@@QEAA@V<lambda_1>@?1???$?0V?$_Fake_no_copy_callable_adapter@AEAP6AHPEAXI0@ZAEAPEAXW4IspSoftAeProcessType@@PEAUIspSoftAeInImage@@@std@@@?$_Task_async_state@H@std@@QEAA@$$QEAV?$_Fake_no_copy_callable_adapter@AEAP6AHPEAXI0@ZAEAPEAXW4IspSoftAeProcessType@@PEAUIspSoftAeInImage@@@4@@Z@AEBVtask_options@1@@Z 000000014001f960 f i test.obj
 0001:0001eb90       ??$?0V<lambda_1>@?1??_MakeVoidToUnitFunc@details@Concurrency@@YA?AV?$function@$$A6AEXZ@std@@AEBV?$function@$$A6AXXZ@5@@Z@$0A@@?$_Func_impl_no_alloc@V<lambda_1>@?1??_MakeVoidToUnitFunc@details@Concurrency@@YA?AV?$function@$$A6AEXZ@std@@AEBV?$function@$$A6AXXZ@6@@Z@E$$V@std@@QEAA@$$QEAV<lambda_1>@?1??_MakeVoidToUnitFunc@details@Concurrency@@YA?AV?$function@$$A6AEXZ@1@AEBV?$function@$$A6AXXZ@1@@Z@@Z 000000014001fb90 f i test.obj
 0001:0001ec00       ??$?0V<lambda_1>@?1??_MakeVoidToUnitFunc@details@Concurrency@@YA?AV?$function@$$A6AEXZ@std@@AEBV?$function@$$A6AXXZ@5@@Z@$0A@@?$function@$$A6AEXZ@std@@QEAA@$$QEAV<lambda_1>@?1??_MakeVoidToUnitFunc@details@Concurrency@@YA?AV01@AEBV?$function@$$A6AXXZ@1@@Z@@Z 000000014001fc00 f i test.obj
 0001:0001ec60       ??$?0V<lambda_1>@?4??_ScheduleContinuationTask@_Task_impl_base@details@Concurrency@@QEAAXPEAU_ContinuationTaskHandleBase@34@@Z@$0A@@?$_Func_impl_no_alloc@V<lambda_1>@?4??_ScheduleContinuationTask@_Task_impl_base@details@Concurrency@@QEAAXPEAU_ContinuationTaskHandleBase@45@@Z@X$$V@std@@QEAA@$$QEAV<lambda_1>@?4??_ScheduleContinuationTask@_Task_impl_base@details@Concurrency@@QEAAXPEAU_ContinuationTaskHandleBase@56@@Z@@Z 000000014001fc60 f i test.obj
 0001:0001ecd0       ??$?0V<lambda_1>@?4??_ScheduleContinuationTask@_Task_impl_base@details@Concurrency@@QEAAXPEAU_ContinuationTaskHandleBase@34@@Z@$0A@@?$function@$$A6AXXZ@std@@QEAA@$$QEAV<lambda_1>@?4??_ScheduleContinuationTask@_Task_impl_base@details@Concurrency@@QEAAXPEAU_ContinuationTaskHandleBase@56@@Z@@Z 000000014001fcd0 f i test.obj
 0001:0001ed30       ??$?0V<lambda_1>@?7???R0?4??_ScheduleContinuationTask@_Task_impl_base@details@Concurrency@@QEAAXPEAU_ContinuationTaskHandleBase@34@@Z@QEBA@XZ@$0A@@?$_Func_impl_no_alloc@V<lambda_1>@?7???R1?4??_ScheduleContinuationTask@_Task_impl_base@details@Concurrency@@QEAAXPEAU_ContinuationTaskHandleBase@45@@Z@QEBA@XZ@X$$V@std@@QEAA@$$QEAV<lambda_1>@?7???R2?4??_ScheduleContinuationTask@_Task_impl_base@details@Concurrency@@QEAAXPEAU_ContinuationTaskHandleBase@56@@Z@QEBA@XZ@@Z 000000014001fd30 f i test.obj
 0001:0001eda0       ??$?0V<lambda_1>@?7???R0?4??_ScheduleContinuationTask@_Task_impl_base@details@Concurrency@@QEAAXPEAU_ContinuationTaskHandleBase@34@@Z@QEBA@XZ@$0A@@?$function@$$A6AXXZ@std@@QEAA@$$QEAV<lambda_1>@?7???R2?4??_ScheduleContinuationTask@_Task_impl_base@details@Concurrency@@QEAAXPEAU_ContinuationTaskHandleBase@56@@Z@QEBA@XZ@@Z 000000014001fda0 f i test.obj
 0001:0001ee00       ??$?0V<lambda_1>@?CC@??_CancelAndRunContinuations@?$_Task_impl@E@details@Concurrency@@UEAA_N_N00AEBV?$shared_ptr@U_ExceptionHolder@details@Concurrency@@@std@@@Z@$0A@@?$_Func_impl_no_alloc@V<lambda_1>@?CC@??_CancelAndRunContinuations@?$_Task_impl@E@details@Concurrency@@UEAA_N_N00AEBV?$shared_ptr@U_ExceptionHolder@details@Concurrency@@@std@@@Z@X$$V@std@@QEAA@$$QEAV<lambda_1>@?CC@??_CancelAndRunContinuations@?$_Task_impl@E@details@Concurrency@@UEAA_N_N00AEBV?$shared_ptr@U_ExceptionHolder@details@Concurrency@@@1@@Z@@Z 000000014001fe00 f i test.obj
 0001:0001ee70       ??$?0V<lambda_1>@?CC@??_CancelAndRunContinuations@?$_Task_impl@E@details@Concurrency@@UEAA_N_N00AEBV?$shared_ptr@U_ExceptionHolder@details@Concurrency@@@std@@@Z@$0A@@?$function@$$A6AXXZ@std@@QEAA@$$QEAV<lambda_1>@?CC@??_CancelAndRunContinuations@?$_Task_impl@E@details@Concurrency@@UEAA_N_N00AEBV?$shared_ptr@U_ExceptionHolder@details@Concurrency@@@1@@Z@@Z 000000014001fe70 f i test.obj
 0001:0001eed0       ??$?0V?$_Fake_no_copy_callable_adapter@AEAP6AHPEAXI0@ZAEAPEAXW4IspSoftAeProcessType@@PEAUIspSoftAeInImage@@@std@@$0A@@?$_Func_impl_no_alloc@V?$_Fake_no_copy_callable_adapter@AEAP6AHPEAXI0@ZAEAPEAXW4IspSoftAeProcessType@@PEAUIspSoftAeInImage@@@std@@H$$V@std@@QEAA@$$QEAV?$_Fake_no_copy_callable_adapter@AEAP6AHPEAXI0@ZAEAPEAXW4IspSoftAeProcessType@@PEAUIspSoftAeInImage@@@1@@Z 000000014001fed0 f i test.obj
 0001:0001ef40       ??$?0V?$_Fake_no_copy_callable_adapter@AEAP6AHPEAXI0@ZAEAPEAXW4IspSoftAeProcessType@@PEAUIspSoftAeInImage@@@std@@$0A@@?$function@$$A6AHXZ@std@@QEAA@$$QEAV?$_Fake_no_copy_callable_adapter@AEAP6AHPEAXI0@ZAEAPEAXW4IspSoftAeProcessType@@PEAUIspSoftAeInImage@@@1@@Z 000000014001ff40 f i test.obj
 0001:0001efa0       ??$?0V?$_Fake_no_copy_callable_adapter@AEAP6AHPEAXI0@ZAEAPEAXW4IspSoftAeProcessType@@PEAUIspSoftAeInImage@@@std@@@?$_Deferred_async_state@H@std@@QEAA@$$QEAV?$_Fake_no_copy_callable_adapter@AEAP6AHPEAXI0@ZAEAPEAXW4IspSoftAeProcessType@@PEAUIspSoftAeInImage@@@1@@Z 000000014001ffa0 f i test.obj
 0001:0001f000       ??$?0V?$_Fake_no_copy_callable_adapter@AEAP6AHPEAXI0@ZAEAPEAXW4IspSoftAeProcessType@@PEAUIspSoftAeInImage@@@std@@@?$_Packaged_state@$$A6AHXZ@std@@QEAA@$$QEAV?$_Fake_no_copy_callable_adapter@AEAP6AHPEAXI0@ZAEAPEAXW4IspSoftAeProcessType@@PEAUIspSoftAeInImage@@@1@@Z 0000000140020000 f i test.obj
 0001:0001f080       ??$?0V?$_Fake_no_copy_callable_adapter@AEAP6AHPEAXI0@ZAEAPEAXW4IspSoftAeProcessType@@PEAUIspSoftAeInImage@@@std@@@?$_Task_async_state@H@std@@QEAA@$$QEAV?$_Fake_no_copy_callable_adapter@AEAP6AHPEAXI0@ZAEAPEAXW4IspSoftAeProcessType@@PEAUIspSoftAeInImage@@@1@@Z 0000000140020080 f i test.obj
 0001:0001f180       ??$?0V?$allocator@PEAX@std@@$$V@?$_Compressed_pair@V?$allocator@PEAX@std@@V?$_Vector_val@U?$_Simple_types@PEAX@std@@@2@$00@std@@QEAA@U_One_then_variadic_args_t@1@$$QEAV?$allocator@PEAX@1@@Z 0000000140020180 f i test.obj
 0001:0001f1d0       ??$?0W4IspSoftAeProcessType@@@?$_Tuple_val@W4IspSoftAeProcessType@@@std@@QEAA@$$QEAW4IspSoftAeProcessType@@@Z 00000001400201d0 f i test.obj
 0001:0001f220       ??$?9U_Task_impl_base@details@Concurrency@@@std@@YA_NAEBV?$shared_ptr@U_Task_impl_base@details@Concurrency@@@0@$$T@Z 0000000140020220 f i test.obj
 0001:0001f280       ??$?CU?$_Task_impl@E@details@Concurrency@@$0A@@?$shared_ptr@U?$_Task_impl@E@details@Concurrency@@@std@@QEBAPEAU?$_Task_impl@E@details@Concurrency@@XZ 0000000140020280 f i test.obj
 0001:0001f2c0       ??$?CU_ExceptionHolder@details@Concurrency@@$0A@@?$shared_ptr@U_ExceptionHolder@details@Concurrency@@@std@@QEBAPEAU_ExceptionHolder@details@Concurrency@@XZ 00000001400202c0 f i test.obj
 0001:0001f300       ??$?CU_Task_impl_base@details@Concurrency@@$0A@@?$shared_ptr@U_Task_impl_base@details@Concurrency@@@std@@QEBAPEAU_Task_impl_base@details@Concurrency@@XZ 0000000140020300 f i test.obj
 0001:0001f340       ??$?CUscheduler_interface@Concurrency@@$0A@@?$shared_ptr@Uscheduler_interface@Concurrency@@@std@@QEBAPEAUscheduler_interface@Concurrency@@XZ 0000000140020340 f i test.obj
 0001:0001f380       ??$_Adl_verify_range@PEAPEAUIspFrameData@@PEAPEAU1@@std@@YAXAEBQEAPEAUIspFrameData@@0@Z 0000000140020380 f i test.obj
 0001:0001f3d0       ??$_Allocate_at_least_helper@V?$allocator@PEAUIspFrameData@@@std@@@std@@YAPEAPEAUIspFrameData@@AEAV?$allocator@PEAUIspFrameData@@@0@AEA_K@Z 00000001400203d0 f i test.obj
 0001:0001f420       ??$_Allocate_at_least_helper@V?$allocator@PEAX@std@@@std@@YAPEAPEAXAEAV?$allocator@PEAX@0@AEA_K@Z 0000000140020420 f i test.obj
 0001:0001f470       ??$_Assign_counted_range@PEAPEAX@?$vector@PEAXV?$allocator@PEAX@std@@@std@@AEAAXPEAPEAX_K@Z 0000000140020470 f i test.obj
 0001:0001f6d0       ??$_Atomic_address_as@HU?$_Atomic_padded@J@std@@@std@@YAPECHAEAU?$_Atomic_padded@J@0@@Z 00000001400206d0 f i test.obj
 0001:0001f700       ??$_Atomic_address_as@HU?$_Atomic_padded@J@std@@@std@@YAPEDHAEBU?$_Atomic_padded@J@0@@Z 0000000140020700 f i test.obj
 0001:0001f730       ??$_Atomic_address_as@JU?$_Atomic_padded@J@std@@@std@@YAPECJAEAU?$_Atomic_padded@J@0@@Z 0000000140020730 f i test.obj
 0001:0001f760       ??$_Atomic_reinterpret_as@HJ@std@@YAHAEBJ@Z 0000000140020760 f i test.obj
 0001:0001f7a0       ??$_Atomic_reinterpret_as@JJ@std@@YAJAEBJ@Z 00000001400207a0 f i test.obj
 0001:0001f7e0       ??$_Bit_cast@_KT_Addr_storage@error_category@std@@$0A@@std@@YA_KAEBT_Addr_storage@error_category@0@@Z 00000001400207e0 f i test.obj
 0001:0001f830       ??$_Construct_from_weak@U_Task_impl_base@details@Concurrency@@@?$_Ptr_base@U_Task_impl_base@details@Concurrency@@@std@@IEAA_NAEBV?$weak_ptr@U_Task_impl_base@details@Concurrency@@@1@@Z 0000000140020830 f i test.obj
 0001:0001f8c0       ??$_Construct_in_place@PEAUIspFrameData@@AEAPEAU1@@std@@YAXAEAPEAUIspFrameData@@0@Z 00000001400208c0 f i test.obj
 0001:0001f930       ??$_Construct_in_place@U?$_Task_impl@E@details@Concurrency@@AEAPEAV_CancellationTokenState@23@AEAUscheduler_ptr@3@@std@@YAXAEAU?$_Task_impl@E@details@Concurrency@@AEAPEAV_CancellationTokenState@23@AEAUscheduler_ptr@3@@Z 0000000140020930 f i test.obj
 0001:0001f9d0       ??$_Construct_in_place@U_ExceptionHolder@details@Concurrency@@AEBVexception_ptr@std@@V_TaskCreationCallstack@23@@std@@YAXAEAU_ExceptionHolder@details@Concurrency@@AEBVexception_ptr@0@$$QEAV_TaskCreationCallstack@23@@Z 00000001400209d0 f i test.obj
 0001:0001fa40       ??$_Construct_n@AEBQEAPEAXAEBQEAPEAX@?$vector@PEAXV?$allocator@PEAX@std@@@std@@AEAAX_KAEBQEAPEAX1@Z 0000000140020a40 f i test.obj
 0001:0001fb90       ??$_Copy_construct_from@U?$_Task_impl@E@details@Concurrency@@@?$_Ptr_base@U?$_Task_impl@E@details@Concurrency@@@std@@IEAAXAEBV?$shared_ptr@U?$_Task_impl@E@details@Concurrency@@@1@@Z 0000000140020b90 f i test.obj
 0001:0001fc00       ??$_Copy_construct_from@U_ExceptionHolder@details@Concurrency@@@?$_Ptr_base@U_ExceptionHolder@details@Concurrency@@@std@@IEAAXAEBV?$shared_ptr@U_ExceptionHolder@details@Concurrency@@@1@@Z 0000000140020c00 f i test.obj
 0001:0001fc70       ??$_Copy_construct_from@U_Task_impl_base@details@Concurrency@@@?$_Ptr_base@U_Task_impl_base@details@Concurrency@@@std@@IEAAXAEBV?$shared_ptr@U_Task_impl_base@details@Concurrency@@@1@@Z 0000000140020c70 f i test.obj
 0001:0001fce0       ??$_Copy_construct_from@Uscheduler_interface@Concurrency@@@?$_Ptr_base@Uscheduler_interface@Concurrency@@@std@@IEAAXAEBV?$shared_ptr@Uscheduler_interface@Concurrency@@@1@@Z 0000000140020ce0 f i test.obj
 0001:0001fd50       ??$_Copy_memmove@PEAPEAUIspFrameData@@PEAPEAU1@@std@@YAPEAPEAUIspFrameData@@PEAPEAU1@00@Z 0000000140020d50 f i test.obj
 0001:0001fe20       ??$_Copy_memmove@PEAPEAXPEAPEAX@std@@YAPEAPEAXPEAPEAX00@Z 0000000140020e20 f i test.obj
 0001:0001fef0       ??$_Copy_memmove_n@PEAPEAXPEAPEAX@std@@YAPEAPEAXPEAPEAX_K0@Z 0000000140020ef0 f i test.obj
 0001:0001ff60       ??$_Copy_n_unchecked4@PEAPEAX_KPEAPEAX@std@@YAPEAPEAXPEAPEAX_K0@Z 0000000140020f60 f i test.obj
 0001:00020010       ??$_Deallocate@$07$0A@@std@@YAXPEAX_K@Z 0000000140021010 f i test.obj
 0001:00020080       ??$_Destroy_in_place@PEAUIspFrameData@@@std@@YAXAEAPEAUIspFrameData@@@Z 0000000140021080 f i test.obj
 0001:000200b0       ??$_Destroy_in_place@U?$_Task_impl@E@details@Concurrency@@@std@@YAXAEAU?$_Task_impl@E@details@Concurrency@@@Z 00000001400210b0 f i test.obj
 0001:000200f0       ??$_Destroy_in_place@U_ExceptionHolder@details@Concurrency@@@std@@YAXAEAU_ExceptionHolder@details@Concurrency@@@Z 00000001400210f0 f i test.obj
 0001:00020130       ??$_Destroy_range@PEAPEAUIspFrameData@@PEAPEAU1@@std@@YAXPEAPEAUIspFrameData@@QEAPEAU1@@Z 0000000140021130 f i test.obj
 0001:00020160       ??$_Destroy_range@V?$allocator@PEAX@std@@@std@@YAXPEAPEAXQEAPEAXAEAV?$allocator@PEAX@0@@Z 0000000140021160 f i test.obj
 0001:000201a0       ??$_Emplace_back@$$V@?$_Uninitialized_backout_al@V?$allocator@PEAX@std@@@std@@QEAAXXZ 00000001400211a0 f i test.obj
 0001:00020210       ??$_Emplace_back@AEAPEAUIspFrameData@@@?$_Uninitialized_backout@PEAPEAUIspFrameData@@@std@@QEAAXAEAPEAUIspFrameData@@@Z 0000000140021210 f i test.obj
 0001:00020270       ??$_Emplace_back@AEAPEAX@?$_Uninitialized_backout_al@V?$allocator@PEAX@std@@@std@@QEAAXAEAPEAX@Z 0000000140021270 f i test.obj
 0001:000202f0       ??$_Emplace_back@PEAX@?$_Uninitialized_backout_al@V?$allocator@PEAX@std@@@std@@QEAAX$$QEAPEAX@Z 00000001400212f0 f i test.obj
 0001:00020370       ??$_Emplace_back_internal@AEBUIspFrameData@@@?$deque@UIspFrameData@@V?$allocator@UIspFrameData@@@std@@@std@@AEAAXAEBUIspFrameData@@@Z 0000000140021370 f i test.obj
 0001:00020570       ??$_Emplace_result@H@?$_Associated_state@H@std@@QEAAX$$QEAH@Z 0000000140021570 f i test.obj
 0001:000205c0       ??$_Get_associated_state@HV?$_Fake_no_copy_callable_adapter@AEAP6AHPEAXI0@ZAEAPEAXW4IspSoftAeProcessType@@PEAUIspSoftAeInImage@@@std@@@std@@YAPEAV?$_Associated_state@H@0@W4launch@0@$$QEAV?$_Fake_no_copy_callable_adapter@AEAP6AHPEAXI0@ZAEAPEAXW4IspSoftAeProcessType@@PEAUIspSoftAeInImage@@@0@@Z 00000001400215c0 f i test.obj
 0001:000206e0       ??$_Get_size_of_n@$0CA@@std@@YA_K_K@Z 00000001400216e0 f i test.obj
 0001:00020740       ??$_Get_unwrapped@AEBQEAPEAUIspFrameData@@@std@@YA?A_TAEBQEAPEAUIspFrameData@@@Z 0000000140021740 f i test.obj
 0001:00020780       ??$_Get_unwrapped@AEBQEAPEAX@std@@YA?A_TAEBQEAPEAX@Z 0000000140021780 f i test.obj
 0001:000207c0       ??$_Get_unwrapped@PEAPEAX@std@@YA?A_T$$QEAPEAPEAX@Z 00000001400217c0 f i test.obj
 0001:00020800       ??$_Get_unwrapped_n@AEAPEAPEAUIspFrameData@@_J@std@@YA?A_TAEAPEAPEAUIspFrameData@@_J@Z 0000000140021800 f i test.obj
 0001:00020840       ??$_Global_new@V?$_Func_impl_no_alloc@V<lambda_1>@?1??_MakeVoidToUnitFunc@details@Concurrency@@YA?AV?$function@$$A6AEXZ@std@@AEBV?$function@$$A6AXXZ@6@@Z@E$$V@std@@AEBV<lambda_1>@?1??_MakeVoidToUnitFunc@details@Concurrency@@YA?AV?$function@$$A6AEXZ@2@AEBV?$function@$$A6AXXZ@2@@Z@@std@@YAPEAV?$_Func_impl_no_alloc@V<lambda_1>@?1??_MakeVoidToUnitFunc@details@Concurrency@@YA?AV?$function@$$A6AEXZ@std@@AEBV?$function@$$A6AXXZ@6@@Z@E$$V@0@AEBV<lambda_1>@?1??_MakeVoidToUnitFunc@details@Concurrency@@YA?AV?$function@$$A6AEXZ@0@AEBV?$function@$$A6AXXZ@0@@Z@@Z 0000000140021840 f i test.obj
 0001:00020920       ??$_Global_new@V?$_Func_impl_no_alloc@V<lambda_1>@?1??_MakeVoidToUnitFunc@details@Concurrency@@YA?AV?$function@$$A6AEXZ@std@@AEBV?$function@$$A6AXXZ@6@@Z@E$$V@std@@V<lambda_1>@?1??_MakeVoidToUnitFunc@details@Concurrency@@YA?AV?$function@$$A6AEXZ@2@AEBV?$function@$$A6AXXZ@2@@Z@@std@@YAPEAV?$_Func_impl_no_alloc@V<lambda_1>@?1??_MakeVoidToUnitFunc@details@Concurrency@@YA?AV?$function@$$A6AEXZ@std@@AEBV?$function@$$A6AXXZ@6@@Z@E$$V@0@$$QEAV<lambda_1>@?1??_MakeVoidToUnitFunc@details@Concurrency@@YA?AV?$function@$$A6AEXZ@0@AEBV?$function@$$A6AXXZ@0@@Z@@Z 0000000140021920 f i test.obj
 0001:00020a00       ??$_Idl_distance@PEAPEAUIspFrameData@@PEAPEAU1@@std@@YA?A_PAEBQEAPEAUIspFrameData@@0@Z 0000000140021a00 f i test.obj
 0001:00020a50       ??$_Immortalize_memcpy_image@V_Future_error_category2@std@@@std@@YAAEBV_Future_error_category2@0@XZ 0000000140021a50 f i test.obj
 0001:00020a80       ??$_Immortalize_memcpy_image@V_Generic_error_category@std@@@std@@YAAEBV_Generic_error_category@0@XZ 0000000140021a80 f i test.obj
 0001:00020ab0       ??$_Invoke_stored@P6AHPEAXI0@ZPEAXW4IspSoftAeProcessType@@PEAUIspSoftAeInImage@@@std@@YA?A_T$$QEAV?$tuple@P6AHPEAXI0@ZPEAXW4IspSoftAeProcessType@@PEAUIspSoftAeInImage@@@0@@Z 0000000140021ab0 f i test.obj
 0001:00020b00       ??$_Invoke_stored_explicit@P6AHPEAXI0@ZPEAXW4IspSoftAeProcessType@@PEAUIspSoftAeInImage@@$$Z$0A@$00$01$02@std@@YA?A_T$$QEAV?$tuple@P6AHPEAXI0@ZPEAXW4IspSoftAeProcessType@@PEAUIspSoftAeInImage@@@0@U?$integer_sequence@_K$0A@$00$01$02@0@@Z 0000000140021b00 f i test.obj
 0001:00020ba0       ??$_LogWorkItemAndInvokeUserLambda@V?$function@$$A6AEXZ@std@@@?$_InitialTaskHandle@XV<lambda_1>@?1???$?0V?$_Fake_no_copy_callable_adapter@AEAP6AHPEAXI0@ZAEAPEAXW4IspSoftAeProcessType@@PEAUIspSoftAeInImage@@@std@@@?$_Task_async_state@H@std@@QEAA@$$QEAV?$_Fake_no_copy_callable_adapter@AEAP6AHPEAXI0@ZAEAPEAXW4IspSoftAeProcessType@@PEAUIspSoftAeInImage@@@3@@Z@U_TypeSelectorNoAsync@details@Concurrency@@@?$task@E@Concurrency@@QEBAEV?$function@$$A6AEXZ@std@@@Z 0000000140021ba0 f i test.obj
 0001:00020c70       ??$_Move_construct_from@U?$_Task_impl@E@details@Concurrency@@@?$_Ptr_base@U?$_Task_impl@E@details@Concurrency@@@std@@IEAAX$$QEAV01@@Z 0000000140021c70 f i test.obj
 0001:00020cf0       ??$_Move_construct_from@U_Task_impl_base@details@Concurrency@@@?$_Ptr_base@U_Task_impl_base@details@Concurrency@@@std@@IEAAX$$QEAV01@@Z 0000000140021cf0 f i test.obj
 0001:00020d70       ??$_Move_construct_from@Uscheduler_interface@Concurrency@@@?$_Ptr_base@Uscheduler_interface@Concurrency@@@std@@IEAAX$$QEAV01@@Z 0000000140021d70 f i test.obj
 0001:00020df0       ??$_Pocca@V?$allocator@PEAX@std@@@std@@YAXAEAV?$allocator@PEAX@0@AEBV10@@Z 0000000140021df0 f i test.obj
 0001:00020e20       ??$_Reset@AEBV<lambda_1>@?1???$?0V?$_Fake_no_copy_callable_adapter@AEAP6AHPEAXI0@ZAEAPEAXW4IspSoftAeProcessType@@PEAUIspSoftAeInImage@@@std@@@?$_Task_async_state@H@std@@QEAA@$$QEAV?$_Fake_no_copy_callable_adapter@AEAP6AHPEAXI0@ZAEAPEAXW4IspSoftAeProcessType@@PEAUIspSoftAeInImage@@@3@@Z@@?$_Func_class@X$$V@std@@IEAAXAEBV<lambda_1>@?1???$?0V?$_Fake_no_copy_callable_adapter@AEAP6AHPEAXI0@ZAEAPEAXW4IspSoftAeProcessType@@PEAUIspSoftAeInImage@@@std@@@?$_Task_async_state@H@1@QEAA@$$QEAV?$_Fake_no_copy_callable_adapter@AEAP6AHPEAXI0@ZAEAPEAXW4IspSoftAeProcessType@@PEAUIspSoftAeInImage@@@1@@Z@@Z 0000000140021e20 f i test.obj
 0001:00020ea0       ??$_Reset@V<lambda_1>@?1??_MakeVoidToUnitFunc@details@Concurrency@@YA?AV?$function@$$A6AEXZ@std@@AEBV?$function@$$A6AXXZ@6@@Z@@?$_Func_class@E$$V@std@@IEAAX$$QEAV<lambda_1>@?1??_MakeVoidToUnitFunc@details@Concurrency@@YA?AV?$function@$$A6AEXZ@1@AEBV?$function@$$A6AXXZ@1@@Z@@Z 0000000140021ea0 f i test.obj
[...]
 0005:000003f6       __EF1F6BBA_corecrt_wconio@h 00000001408143f6     test.obj
 0005:000003f7       __74484FB3_corecrt_wctype@h 00000001408143f7     test.obj
 0005:000003f8       __3D1D430C_corecrt_wdirect@h 00000001408143f8     test.obj
 0005:000003f9       __8ECB7138_corecrt_share@h 00000001408143f9     test.obj
 0005:000003fa       __DB7FEBA6_corecrt_wio@h   00000001408143fa     test.obj
 0005:000003fb       __9A9F0068_corecrt_wprocess@h 00000001408143fb     test.obj
 0005:000003fc       __369A9BC3_corecrt_wtime@h 00000001408143fc     test.obj
 0005:000003fd       __CE789B9D_types@h         00000001408143fd     test.obj
 0005:000003fe       __9901C817_stat@h          00000001408143fe     test.obj
 0005:000003ff       __3FCAD62E_wchar@h         00000001408143ff     test.obj
 0005:00000400       __86D29096_cwchar          0000000140814400     test.obj
 0005:00000401       __09FBC026_limits          0000000140814401     test.obj
 0005:00000402       __A3D3E4E8_vcruntime_new@h 0000000140814402     test.obj
 0005:00000403       __8D1A214D_vcruntime_new_debug@h 0000000140814403     test.obj
 0005:00000404       __935DC21B_crtdbg@h        0000000140814404     test.obj
 0005:00000405       __497BC13E_crtdefs@h       0000000140814405     test.obj
 0005:00000406       __DDE8D0E0_use_ansi@h      0000000140814406     test.obj
 0005:00000407       __AE7FBCDF_yvals@h         0000000140814407     test.obj
 0005:00000408       __BDF4D0CD_cstddef         0000000140814408     test.obj
 0005:00000409       __7C4A1519_type_traits     0000000140814409     test.obj
 0005:0000040a       __FA77ED4C_malloc@h        000000014081440a     test.obj
 0005:0000040b       __89766DA4_corecrt_terminate@h 000000014081440b     test.obj
 0005:0000040c       __EEF52EF9_eh@h            000000014081440c     test.obj
 0005:0000040d       __85F4241F_vcruntime_exception@h 000000014081440d     test.obj
 0005:0000040e       __8124AFA8_exception       000000014081440e     test.obj
 0005:0000040f       __5003AD96_new             000000014081440f     test.obj
 0005:00000410       __8B28237E_xatomic@h       0000000140814410     test.obj
 0005:00000411       __E4CFD974_initializer_list 0000000140814411     test.obj
 0005:00000412       __2F328FEB_utility         0000000140814412     test.obj
 0005:00000413       __91F58E7E___msvc_iter_core@hpp 0000000140814413     test.obj
 0005:00000414       __C27AFEEB_xutility        0000000140814414     test.obj
 0005:00000415       __45A7EC28_xmemory         0000000140814415     test.obj
 0005:00000416       __4456B0C6_vector          0000000140814416     test.obj
 0005:00000417       __19139D6C_assert@h        0000000140814417     test.obj
 0005:00000418       __7BFC5F82_cassert         0000000140814418     test.obj
 0005:00000419       __6BE8ED7C_algorithm       0000000140814419     test.obj
 0005:0000041a       __AED1DEBD_deque           000000014081441a     test.obj
 0005:0000041b       __4DE79A7C_queue           000000014081441b     test.obj
 0005:0000041c       __0A9237D2_time@h          000000014081441c     test.obj
 0005:0000041d       __647A58C6_ctime           000000014081441d     test.obj
 0005:0000041e       __CE7A5D60_ratio           000000014081441e     test.obj
 0005:0000041f       __74BE1DAA_xtimec@h        000000014081441f     test.obj
 0005:00000420       __F873B438___msvc_chrono@hpp 0000000140814420     test.obj
 0005:00000421       __C51215A0_iosfwd          0000000140814421     test.obj
 0005:00000422       __851B68E1_vcruntime_typeinfo@h 0000000140814422     test.obj
 0005:00000423       __B2A50DF2_typeinfo        0000000140814423     test.obj
 0005:00000424       __B555CCA8_memory          0000000140814424     test.obj
 0005:00000425       __2F5822F5_vcruntime_startup@h 0000000140814425     test.obj
 0005:00000426       __005E73E1_corecrt_startup@h 0000000140814426     test.obj
 0005:00000427       __8B12B2C4_process@h       0000000140814427     test.obj
 0005:00000428       __31746AB4_xstring         0000000140814428     test.obj
 0005:00000429       __1EC467ED_ctype@h         0000000140814429     test.obj
 0005:0000042a       __1392A162_cctype          000000014081442a     test.obj
 0005:0000042b       __C1864A34_string          000000014081442b     test.obj
 0005:0000042c       __04EADD8F_tuple           000000014081442c     test.obj
 0005:0000042d       __BCA6E753_xthreads@h      000000014081442d     test.obj
 0005:0000042e       __6E18B41E_thread          000000014081442e     test.obj
 0005:0000042f       __F338F6F9___msvc_system_error_abi@hpp 000000014081442f     test.obj
 0005:00000430       __8178323E_cerrno          0000000140814430     test.obj
 0005:00000431       __086A95F5_stdexcept       0000000140814431     test.obj
 0005:00000432       __8C4E33AA_xcall_once@h    0000000140814432     test.obj
 0005:00000433       __06EAA9D0_xerrc@h         0000000140814433     test.obj
 0005:00000434       __62CE9CE4_atomic          0000000140814434     test.obj
 0005:00000435       __3313218A_system_error    0000000140814435     test.obj
 0005:00000436       __DCD75730_mutex           0000000140814436     test.obj
 0005:00000437       __8761DA4B_condition_variable 0000000140814437     test.obj
 0005:00000438       __DEF566B8_functional      0000000140814438     test.obj
 0005:00000439       __873E2202_pplinterface@h  0000000140814439     test.obj
 0005:0000043a       __B2557E59_ppltaskscheduler@h 000000014081443a     test.obj
 0005:0000043b       __D1AED22C_pplcancellation_token@h 000000014081443b     test.obj
 0005:0000043c       __6B871077_pplwin@h        000000014081443c     test.obj
 0005:0000043d       __3EC16E15_setjmp@h        000000014081443d     test.obj
 0005:0000043e       __18C87B63_mmintrin@h      000000014081443e     test.obj
 0005:0000043f       __56EBFA9B_xmmintrin@h     000000014081443f     test.obj
 0005:00000440       __33897357_emmintrin@h     0000000140814440     test.obj
 0005:00000441       __EC281BDE_pmmintrin@h     0000000140814441     test.obj
 0005:00000442       __5CF1685C_tmmintrin@h     0000000140814442     test.obj
 0005:00000443       __75CA7DDF_smmintrin@h     0000000140814443     test.obj
 0005:00000444       __10A8F413_nmmintrin@h     0000000140814444     test.obj
 0005:00000445       __C5130E5D_wmmintrin@h     0000000140814445     test.obj
 0005:00000446       __0E87435A_zmmintrin@h     0000000140814446     test.obj
 0005:00000447       __3993E190_immintrin@h     0000000140814447     test.obj
 0005:00000448       __835000D5_ammintrin@h     0000000140814448     test.obj
 0005:00000449       __18F7D262_intrin@h        0000000140814449     test.obj
 0005:0000044a       __CCD55BC9_ppltasks@h      000000014081444a     test.obj
 0005:0000044b       __97D3C915_future          000000014081444b     test.obj
 0005:0000044c       __A2C9C4CE_cmath           000000014081444c     test.obj
 0005:0000044d       __D3D649AB_iterator        000000014081444d     test.obj
 0005:0000044e       __F7972D0B_share@h         000000014081444e     test.obj
 0005:0000044f       __99109BA7_xfacet          000000014081444f     test.obj
 0005:00000450       __F99E20B2___msvc_xlocinfo_types@hpp 0000000140814450     test.obj
 0005:00000451       __791C33B7_locale@h        0000000140814451     test.obj
 0005:00000452       __8B93D6B1_clocale         0000000140814452     test.obj
 0005:00000453       __AD2CEE3A_xlocinfo        0000000140814453     test.obj
 0005:00000454       __EE4A1E85_xlocale         0000000140814454     test.obj
 0005:00000455       __94C99929_xiosbase        0000000140814455     test.obj
 0005:00000456       __0ACA2D49_streambuf       0000000140814456     test.obj
 0005:00000457       __70CD7892_xlocnum         0000000140814457     test.obj
 0005:00000458       __A8CE9780_ios             0000000140814458     test.obj
 0005:00000459       __FD5AC441_ostream         0000000140814459     test.obj
 0005:0000045a       __9E8AF17B_istream         000000014081445a     test.obj
 0005:0000045b       __A00384F4_iostream        000000014081445b     test.obj
 0005:0000045c       __B28C5569___msvc_filebuf@hpp 000000014081445c     test.obj
 0005:0000045d       __68C28192_fstream         000000014081445d     test.obj
 0005:0000045e       __0ED14FEE_winpackagefamily@h 000000014081445e     test.obj
 0005:0000045f       __F92EF742_winapifamily@h  000000014081445f     test.obj
 0005:00000460       __22E515EB_sdkddkver@h     0000000140814460     test.obj
 0005:00000461       __514B86D7_excpt@h         0000000140814461     test.obj
 0005:00000462       __9A7D38D9_stdarg@h        0000000140814462     test.obj
 0005:00000463       __29F49F40_specstrings_undef@h 0000000140814463     test.obj
 0005:00000464       __D0F42932_specstrings_strict@h 0000000140814464     test.obj
 0005:00000465       __F00405FD_sdv_driverspecs@h 0000000140814465     test.obj
 0005:00000466       __173E09CA_driverspecs@h   0000000140814466     test.obj
 0005:00000467       __9A452361_specstrings@h   0000000140814467     test.obj
 0005:00000468       __98517906_kernelspecs@h   0000000140814468     test.obj
 0005:00000469       __D3497022_basetsd@h       0000000140814469     test.obj
 0005:0000046a       __7FCB5136_guiddef@h       000000014081446a     test.obj
 0005:0000046b       __FF8A9E11_pshpack4@h      000000014081446b     test.obj
 0005:0000046c       __D5438902_poppack@h       000000014081446c     test.obj
 0005:0000046d       __FB07E2A3_pshpack2@h      000000014081446d     test.obj
 0005:0000046e       __F6906775_pshpack8@h      000000014081446e     test.obj
 0005:0000046f       __F9415CFA_pshpack1@h      000000014081446f     test.obj
 0005:00000470       __E58C6F1C_apiset@h        0000000140814470     test.obj
 0005:00000471       __A5C52262_ktmtypes@h      0000000140814471     test.obj
 0005:00000472       __FBBA8F9D_winnt@h         0000000140814472     test.obj
 0005:00000473       __A32D3D2C_minwindef@h     0000000140814473     test.obj
 0005:00000474       __7D798299_windef@h        0000000140814474     test.obj
 0005:00000475       __9AE108E9_apisetcconv@h   0000000140814475     test.obj
 0005:00000476       __9CE53D2C_minwinbase@h    0000000140814476     test.obj
 0005:00000477       __5D0AA210_apiquery2@h     0000000140814477     test.obj
 0005:00000478       __4DD4E726_processenv@h    0000000140814478     test.obj
 0005:00000479       __3575CC96_fileapi@h       0000000140814479     test.obj
 0005:0000047a       __8EA220E6_fileapifromapp@h 000000014081447a     test.obj
 0005:0000047b       __BF9B31FE_debugapi@h      000000014081447b     test.obj
 0005:0000047c       __C3AFE134_utilapiset@h    000000014081447c     test.obj
 0005:0000047d       __76F69E51_handleapi@h     000000014081447d     test.obj
 0005:0000047e       __7E63D784_errhandlingapi@h 000000014081447e     test.obj
 0005:0000047f       __FFA7003C_fibersapi@h     000000014081447f     test.obj
 0005:00000480       __8971CECF_namedpipeapi@h  0000000140814480     test.obj
 0005:00000481       __46C9D8A6_profileapi@h    0000000140814481     test.obj
 0005:00000482       __98D4F0A3_heapapi@h       0000000140814482     test.obj
 0005:00000483       __50EF2A88_ioapiset@h      0000000140814483     test.obj
 0005:00000484       __92EA1464_synchapi@h      0000000140814484     test.obj
 0005:00000485       __A53D8AED_interlockedapi@h 0000000140814485     test.obj
 0005:00000486       __B506CAAF_processthreadsapi@h 0000000140814486     test.obj
 0005:00000487       __FF735694_sysinfoapi@h    0000000140814487     test.obj
 0005:00000488       __29589789_memoryapi@h     0000000140814488     test.obj
 0005:00000489       __E9C7A663_enclaveapi@h    0000000140814489     test.obj
 0005:0000048a       __D035F9F7_threadpoollegacyapiset@h 000000014081448a     test.obj
 0005:0000048b       __C899130C_threadpoolapiset@h 000000014081448b     test.obj
 0005:0000048c       __E0441EE7_jobapi@h        000000014081448c     test.obj
 0005:0000048d       __CEF86838_jobapi2@h       000000014081448d     test.obj
 0005:0000048e       __35AC6B9A_wow64apiset@h   000000014081448e     test.obj
 0005:0000048f       __C8AE41A5_libloaderapi@h  000000014081448f     test.obj
 0005:00000490       __CC9E232D_securitybaseapi@h 0000000140814490     test.obj
 0005:00000491       __C9D0C9B8_namespaceapi@h  0000000140814491     test.obj
 0005:00000492       __30FF9CAD_systemtopologyapi@h 0000000140814492     test.obj
 0005:00000493       __4D358795_processtopologyapi@h 0000000140814493     test.obj
 0005:00000494       __40446D10_securityappcontainer@h 0000000140814494     test.obj
 0005:00000495       __3A952EDF_realtimeapiset@h 0000000140814495     test.obj
 0005:00000496       __F4865F4B_winerror@h      0000000140814496     test.obj
 0005:00000497       __53C1BD93_timezoneapi@h   0000000140814497     test.obj
 0005:00000498       __1FFBEDBF_winbase@h       0000000140814498     test.obj
 0005:00000499       __43D3FA34_wingdi@h        0000000140814499     test.obj
 0005:0000049a       __D24A7391_tvout@h         000000014081449a     test.obj
 0005:0000049b       __7713A6C8_winuser@h       000000014081449b     test.obj
 0005:0000049c       __0B345F71_datetimeapi@h   000000014081449c     test.obj
 0005:0000049d       __9AC6960C_winnls@h        000000014081449d     test.obj
 0005:0000049e       __973A40A8_stringapiset@h  000000014081449e     test.obj
 0005:0000049f       __CC46FEE2_wincontypes@h   000000014081449f     test.obj
 0005:000004a0       __97D70BE1_consoleapi@h    00000001408144a0     test.obj
 0005:000004a1       __27EC5E18_consoleapi2@h   00000001408144a1     test.obj
 0005:000004a2       __262E342F_consoleapi3@h   00000001408144a2     test.obj
 0005:000004a3       __641DCD70_wincon@h        00000001408144a3     test.obj
 0005:000004a4       __5A96C7A7_verrsrc@h       00000001408144a4     test.obj
 0005:000004a5       __B69C6FF2_winver@h        00000001408144a5     test.obj
 0005:000004a6       __7AEB8C37_reason@h        00000001408144a6     test.obj
 0005:000004a7       __59F1A8A9_winreg@h        00000001408144a7     test.obj
 0005:000004a8       __EE0E2B7F_wnnc@h          00000001408144a8     test.obj
 0005:000004a9       __DCDB7054_winnetwk@h      00000001408144a9     test.obj
 0005:000004aa       __EDC72EEB_cderr@h         00000001408144aa     test.obj
 0005:000004ab       __95F9199D_dde@h           00000001408144ab     test.obj
 0005:000004ac       __66427627_ddeml@h         00000001408144ac     test.obj
 0005:000004ad       __957C29A0_dlgs@h          00000001408144ad     test.obj
 0005:000004ae       __12EA15AF_lzexpand@h      00000001408144ae     test.obj
 0005:000004af       __62131F15_mmsyscom@h      00000001408144af     test.obj
 0005:000004b0       __47E68D49_mciapi@h        00000001408144b0     test.obj
 0005:000004b1       __5D7DD356_mmiscapi@h      00000001408144b1     test.obj
 0005:000004b2       __7223D2EF_mmiscapi2@h     00000001408144b2     test.obj
 0005:000004b3       __A330DBB3_playsoundapi@h  00000001408144b3     test.obj
 0005:000004b4       __601B366F_mmeapi@h        00000001408144b4     test.obj
 0005:000004b5       __1134ADD5_timeapi@h       00000001408144b5     test.obj
 0005:000004b6       __93F2265A_joystickapi@h   00000001408144b6     test.obj
 0005:000004b7       __DF6EB4E3_mmsystem@h      00000001408144b7     test.obj
 0005:000004b8       __BD641FCB_nb30@h          00000001408144b8     test.obj
 0005:000004b9       __DF8704F0_rpcdcep@h       00000001408144b9     test.obj
 0005:000004ba       __5C6CA7BB_rpcdce@h        00000001408144ba     test.obj
 0005:000004bb       __853533C4_rpcnsi@h        00000001408144bb     test.obj
 0005:000004bc       __2D2406C3_rpcnterr@h      00000001408144bc     test.obj
 0005:000004bd       __64521D71_rpcasync@h      00000001408144bd     test.obj
 0005:000004be       __AADCBA08_rpc@h           00000001408144be     test.obj
 0005:000004bf       __19E26CFF_shellapi@h      00000001408144bf     test.obj
 0005:000004c0       __1E9F31D3_winperf@h       00000001408144c0     test.obj
 0005:000004c1       __832A4112_inaddr@h        00000001408144c1     test.obj
 0005:000004c2       __32C6F875_winsock@h       00000001408144c2     test.obj
 0005:000004c3       __7953A3F8_bcrypt@h        00000001408144c3     test.obj
 0005:000004c4       __E4169492_ncrypt@h        00000001408144c4     test.obj
 0005:000004c5       __AF3DDDC3_dpapi@h         00000001408144c5     test.obj
 0005:000004c6       __D1E23BF2_wincrypt@h      00000001408144c6     test.obj
 0005:000004c7       __82AB4779_winefs@h        00000001408144c7     test.obj
 0005:000004c8       __1FE431C9_rpcnsip@h       00000001408144c8     test.obj
 0005:000004c9       __2B741F2D_rpcsal@h        00000001408144c9     test.obj
 0005:000004ca       __92623256_rpcndr@h        00000001408144ca     test.obj
 0005:000004cb       __9C18532E_wtypesbase@h    00000001408144cb     test.obj
 0005:000004cc       __EA2E1D6D_wtypes@h        00000001408144cc     test.obj
 0005:000004cd       __7DDD9F45_winioctl@h      00000001408144cd     test.obj
 0005:000004ce       __E550A843_winsmcrd@h      00000001408144ce     test.obj
 0005:000004cf       __9809C1BA_winscard@h      00000001408144cf     test.obj
 0005:000004d0       __EA174FA4_prsht@h         00000001408144d0     test.obj
 0005:000004d1       __0E1BD114_winspool@h      00000001408144d1     test.obj
 0005:000004d2       __30B1AFDA_unknwnbase@h    00000001408144d2     test.obj
 0005:000004d3       __328C1996_objidlbase@h    00000001408144d3     test.obj
 0005:000004d4       __C4E06B6A_cguid@h         00000001408144d4     test.obj
 0005:000004d5       __434718C5_combaseapi@h    00000001408144d5     test.obj
 0005:000004d6       __DE6FDEF1_unknwn@h        00000001408144d6     test.obj
 0005:000004d7       __CCE0BACC_objidl@h        00000001408144d7     test.obj
 0005:000004d8       __8C7011E5_oaidl@h         00000001408144d8     test.obj
 0005:000004d9       __2E0B7863_propidlbase@h   00000001408144d9     test.obj
 0005:000004da       __BF4CF2EC_coml2api@h      00000001408144da     test.obj
 0005:000004db       __6D897344_oleidl@h        00000001408144db     test.obj
 0005:000004dc       __1129FC2C_servprov@h      00000001408144dc     test.obj
 0005:000004dd       __757952E4_msxml@h         00000001408144dd     test.obj
 0005:000004de       __B1191D53_urlmon@h        00000001408144de     test.obj
 0005:000004df       __404D1A47_propidl@h       00000001408144df     test.obj
 0005:000004e0       __A1C63593_objbase@h       00000001408144e0     test.obj
 0005:000004e1       __C1B0A9CB_oleauto@h       00000001408144e1     test.obj
 0005:000004e2       __24EAF61F_ole2@h          00000001408144e2     test.obj
 0005:000004e3       __2B1843DA_commdlg@h       00000001408144e3     test.obj
 0005:000004e4       __81DDEDE3_stralign@h      00000001408144e4     test.obj
 0005:000004e5       __2134D1B4_winsvc@h        00000001408144e5     test.obj
 0005:000004e6       __11C07376_mcx@h           00000001408144e6     test.obj
 0005:000004e7       __577CE3E7_ime_cmodes@h    00000001408144e7     test.obj
 0005:000004e8       __1E72C31E_imm@h           00000001408144e8     test.obj
 0005:000004e9       __E15BF856_windows@h       00000001408144e9     test.obj
 0005:000004ea       __B291467D_stdbool@h       00000001408144ea     test.obj
 0005:000004eb       __041F8F58_IspSoftApi@h    00000001408144eb     test.obj
 0005:000004ec       __CFB148FF_IspSoftAeApi@h  00000001408144ec     test.obj
 0005:000004ed       __7D7BB735_IspSoftAwbApi@h 00000001408144ed     test.obj
 0005:000004ee       __D702EFBE_IspSoftAtfApi@h 00000001408144ee     test.obj
 0005:000004ef       __14CF2B03_IspSoftIspApi@h 00000001408144ef     test.obj
 0005:000004f0       __E2752599_out@h           00000001408144f0     test.obj
 0005:000004f1       __9823FAFA_test@cpp        00000001408144f1     test.obj
 0006:000000a0       $R000000                   00000001408150a0     AL_AE.res
 0006:00000360       $R0002C0                   0000000140815360     AL_AE.res
